["node","--test","tests/database/access-audit.test.mjs"]
▶ access audit provenance in PostgreSQL with simulated Auth/gateway sessions (not authentic API evidence)
  ✔ additive migration preserves every old field, identity, role and lifecycle row (9.123002ms)
  ✔ unchanged privileged foundation seed replay is idempotent and asserts no runtime actor (8.456598ms)
  ✔ database actor, UUIDs, time and correlation ignore arbitrary caller claims and fields (5.835707ms)
  ✔ service-role provisioning remains system even with another valid user's claims (7.610913ms)
  ✔ profile create/link/history/status/unlink/delete records safe control states (10.081488ms)
  ✔ inserting a linked suspended profile records database-assigned initial history (2.543114ms)
  ✔ no-op and text/timestamp-only updates produce no control-change event (10.218814ms)
  ✔ membership creation, lifecycle changes and deletion append in the same tenant (8.325069ms)
  ✔ grant create/change/revoke/restore/delete retains only allowed safe values (8.368205ms)
  ✔ authorization-affecting demo flags are audited without changing directory denial (20.528049ms)
  ✔ cross-account or missing-membership grant failures produce neither mutation nor durable audit (4.709129ms)
  ✔ valid privileged account moves retain both tenant histories with shared server correlation (8.350308ms)
  ✔ simulated trusted gateway derives the user actor from subject, not changed row or metadata (4.461255ms)
  ✔ self-suspension preserves a valid prior user actor without reopening linkage (5.958672ms)
  ✔ self-unlink preserves a valid prior user actor without reopening linkage (4.381705ms)
  ✔ malformed, mismatched, anonymous, missing, inactive and unlinked gateway actors fail closed (38.216008ms)
  ✔ a role string and plausible claims on an untrusted session do not assert a human actor (6.811779ms)
  ✔ Auth deletion audits its cascade unlink as system and retains historical user Auth UUID (8.742819ms)
  ✔ existing actor-profile FK preserves an actor profile and does not cascade-delete history (6.720791ms)
  ✔ audited tenant FK blocks hard-delete cleanup but system subject IDs add no new profile FK (9.295773ms)
  ✔ transaction rollback removes successful mutation and its audit; logging failure aborts mutation (6.079454ms)
  ✔ ordinary roles cannot read/insert/forge/alter/delete/truncate audit or mutate access tables (34.201776ms)
  ✔ service can inspect internal evidence but cannot directly append or rewrite it (9.164174ms)
  ✔ append-only triggers stop even owner casual UPDATE, DELETE and TRUNCATE (5.41266ms)
  ✔ bulk TRUNCATE cannot bypass access-control row auditing (7.754599ms)
  ✔ checked actor and event scope reject null/mixed provenance and unbounded global events (15.112711ms)
  ✔ trigger ownership/search path/ACL and policy inventory keep the read-only directory boundary (7.434057ms)
  ✔ RLS-filtered reads create no audit and denied exceptions leave no durable denial collector (7.206042ms)
✔ access audit provenance in PostgreSQL with simulated Auth/gateway sessions (not authentic API evidence) (2016.63247ms)
✔ new database can apply all four migrations then replay original seed without activating access (1355.406827ms)
ℹ tests 30
ℹ suites 0
ℹ pass 30
ℹ fail 0
ℹ cancelled 0
ℹ skipped 0
ℹ todo 0
ℹ duration_ms 3493.383304
