✖ a delayed storage event cannot make an old tab overwrite or remove a fresh session (3.630759ms)
✖ a login interleaved between an old lease check and write cannot overwrite the current generation (0.706311ms)
✖ a login interleaved with removal of an old slot cannot delete the current session (0.463347ms)
✔ logout purges this project credentials, preserves unrelated storage and stays locked after failed login (0.569494ms)
ℹ tests 4
ℹ suites 0
ℹ pass 1
ℹ fail 3
ℹ cancelled 0
ℹ skipped 0
ℹ todo 0
ℹ duration_ms 496.414363

✖ failing tests:

test at tests/unit/auth-persistence.test.mjs:57:1
✖ a delayed storage event cannot make an old tab overwrite or remove a fresh session (3.630759ms)
  AssertionError [ERR_ASSERTION]: Expected values to be strictly equal:
  + actual - expected
  
  + null
  - 'fresh-subject-session'
  
      at TestContext.<anonymous> (file:///workspace/scratch/831a296a4676/auxiliumos/tests/unit/auth-persistence.test.mjs:65:10)
      at Test.runInAsyncScope (node:async_hooks:227:14)
      at Test.run (node:internal/test_runner/test:1382:25)
      at Test.start (node:internal/test_runner/test:1242:17)
      at startSubtestAfterBootstrap (node:internal/test_runner/harness:387:17) {
    generatedMessage: true,
    code: 'ERR_ASSERTION',
    actual: null,
    expected: 'fresh-subject-session',
    operator: 'strictEqual',
    diff: 'simple'
  }

test at tests/unit/auth-persistence.test.mjs:69:1
✖ a login interleaved between an old lease check and write cannot overwrite the current generation (0.706311ms)
  AssertionError [ERR_ASSERTION]: Expected values to be strictly equal:
  + actual - expected
  
  + 'late-old-subject-refresh'
  - 'fresh-subject-session'
  
      at TestContext.<anonymous> (file:///workspace/scratch/831a296a4676/auxiliumos/tests/unit/auth-persistence.test.mjs:79:10)
      at Test.runInAsyncScope (node:async_hooks:227:14)
      at Test.run (node:internal/test_runner/test:1382:25)
      at Test.processPendingSubtests (node:internal/test_runner/test:960:18)
      at Test.postRun (node:internal/test_runner/test:1522:19)
      at Test.run (node:internal/test_runner/test:1447:12)
      at async startSubtestAfterBootstrap (node:internal/test_runner/harness:387:3) {
    generatedMessage: true,
    code: 'ERR_ASSERTION',
    actual: 'late-old-subject-refresh',
    expected: 'fresh-subject-session',
    operator: 'strictEqual',
    diff: 'simple'
  }

test at tests/unit/auth-persistence.test.mjs:84:1
✖ a login interleaved with removal of an old slot cannot delete the current session (0.463347ms)
  AssertionError [ERR_ASSERTION]: Expected values to be strictly equal:
  + actual - expected
  
  + null
  - 'fresh-subject-session'
  
      at TestContext.<anonymous> (file:///workspace/scratch/831a296a4676/auxiliumos/tests/unit/auth-persistence.test.mjs:93:10)
      at Test.runInAsyncScope (node:async_hooks:227:14)
      at Test.run (node:internal/test_runner/test:1382:25)
      at Test.processPendingSubtests (node:internal/test_runner/test:960:18)
      at Test.postRun (node:internal/test_runner/test:1522:19)
      at Test.run (node:internal/test_runner/test:1447:12)
      at async Test.processPendingSubtests (node:internal/test_runner/test:960:7) {
    generatedMessage: true,
    code: 'ERR_ASSERTION',
    actual: null,
    expected: 'fresh-subject-session',
    operator: 'strictEqual',
    diff: 'simple'
  }
