2026-10-10T04:31:13.4785566Z Current runner version: '2.337.0'
2026-10-10T04:31:13.4800914Z ##[group]Runner Image Provisioner
2026-10-10T04:31:13.4801395Z Hosted Compute Agent
2026-10-10T04:31:13.4801792Z Version: 20261002.596
2026-10-10T04:31:13.4802148Z Commit: c3d12f3313a95f25162a1503be624f3b0617f8c0
2026-10-10T04:31:13.4802645Z Build Date: 2026-10-02T22:28:27Z
2026-10-10T04:31:13.4803028Z Worker ID: {8a3bf2aa-3c23-42e7-b617-8302cd670bff}
2026-10-10T04:31:13.4803417Z Region: westus2
2026-10-10T04:31:13.4803775Z Cloud: Azure
2026-10-10T04:31:13.4804083Z ##[endgroup]
2026-10-10T04:31:13.4804798Z ##[group]Operating System
2026-10-10T04:31:13.4805177Z Ubuntu
2026-10-10T04:31:13.4805472Z 24.04.5
2026-10-10T04:31:13.4805797Z LTS
2026-10-10T04:31:13.4806094Z ##[endgroup]
2026-10-10T04:31:13.4806454Z ##[group]Runner Image
2026-10-10T04:31:13.4806833Z Image: ubuntu-24.04
2026-10-10T04:31:13.4807155Z Version: 20261004.327.1
2026-10-10T04:31:13.4807879Z Included Software: https://github.com/actions/runner-images/blob/ubuntu24/20261004.327/images/ubuntu/Ubuntu2404-Readme.md
2026-10-10T04:31:13.4808746Z Image Release: https://github.com/actions/runner-images/releases/tag/ubuntu24%2F20261004.327
2026-10-10T04:31:13.4809512Z ##[endgroup]
2026-10-10T04:31:13.4810101Z ##[group]GITHUB_TOKEN Permissions
2026-10-10T04:31:13.4811241Z Contents: read
2026-10-10T04:31:13.4811565Z Metadata: read
2026-10-10T04:31:13.4811963Z ##[endgroup]
2026-10-10T04:31:13.4813119Z Secret source: Actions
2026-10-10T04:31:13.4813677Z Cache mode: write
2026-10-10T04:31:13.4814060Z Prepare workflow directory
2026-10-10T04:31:13.5501690Z Prepare all required actions
2026-10-10T04:31:13.5532497Z Getting action download info
2026-10-10T04:31:13.8826769Z Download action repository 'actions/checkout@v7' (SHA:3d3c42e5aac5ba805825da76410c181273ba90b1)
2026-10-10T04:31:13.9529938Z Download action repository 'actions/setup-node@v7' (SHA:949feb2413d6458794dcd2491c4babbbce0c15c1)
2026-10-10T04:31:14.2606329Z Download action repository 'actions/upload-artifact@v7' (SHA:cf430e030ddbb5b0abf93d22962f4752f3646cd9)
2026-10-10T04:31:14.9135950Z Complete job name: application-foundation
2026-10-10T04:31:15.1540487Z ##[group]Run actions/checkout@v7
2026-10-10T04:31:15.1541180Z with:
2026-10-10T04:31:15.1541631Z   persist-credentials: false
2026-10-10T04:31:15.1542237Z   repository: AuxiliumEnvironmental/auxiliumos
2026-10-10T04:31:15.1547313Z   token: ***
2026-10-10T04:31:15.1547752Z   ssh-strict: true
2026-10-10T04:31:15.1548205Z   ssh-user: git
2026-10-10T04:31:15.1548641Z   clean: true
2026-10-10T04:31:15.1549212Z   sparse-checkout-cone-mode: true
2026-10-10T04:31:15.1549758Z   fetch-depth: 1
2026-10-10T04:31:15.1550204Z   fetch-tags: false
2026-10-10T04:31:15.1550667Z   show-progress: true
2026-10-10T04:31:15.1551149Z   lfs: false
2026-10-10T04:31:15.1551587Z   submodules: false
2026-10-10T04:31:15.1552065Z   set-safe-directory: true
2026-10-10T04:31:15.1552598Z   allow-unsafe-pr-checkout: false
2026-10-10T04:31:15.1553213Z ##[endgroup]
2026-10-10T04:31:15.2203909Z Syncing repository: AuxiliumEnvironmental/auxiliumos
2026-10-10T04:31:15.2206160Z ##[group]Getting Git version info
2026-10-10T04:31:15.2207410Z Working directory is '/home/runner/work/auxiliumos/auxiliumos'
2026-10-10T04:31:15.2209204Z [command]/usr/bin/git version
2026-10-10T04:31:15.2262744Z git version 2.55.0
2026-10-10T04:31:15.2279850Z ##[endgroup]
2026-10-10T04:31:15.2288185Z Temporarily overriding HOME='/home/runner/work/_temp/3159e654-a8c4-4977-b27d-3fe7d6b470c3' before making global git config changes
2026-10-10T04:31:15.2290657Z Adding repository directory to the temporary git global config as a safe directory
2026-10-10T04:31:15.2292623Z [command]/usr/bin/git config --global --add safe.directory /home/runner/work/auxiliumos/auxiliumos
2026-10-10T04:31:15.2335467Z Deleting the contents of '/home/runner/work/auxiliumos/auxiliumos'
2026-10-10T04:31:15.2337284Z ##[group]Determining repository object format
2026-10-10T04:31:15.2338780Z ##[endgroup]
2026-10-10T04:31:15.2339715Z ##[group]Initializing the repository
2026-10-10T04:31:15.2340692Z [command]/usr/bin/git init /home/runner/work/auxiliumos/auxiliumos
2026-10-10T04:31:15.2440189Z hint: Using 'master' as the name for the initial branch. This default branch name
2026-10-10T04:31:15.2441818Z hint: will change to "main" in Git 3.0. To configure the initial branch name
2026-10-10T04:31:15.2443477Z hint: to use in all of your new repositories, which will suppress this warning,
2026-10-10T04:31:15.2444715Z hint: call:
2026-10-10T04:31:15.2445364Z hint:
2026-10-10T04:31:15.2446206Z hint: 	git config --global init.defaultBranch <name>
2026-10-10T04:31:15.2447221Z hint:
2026-10-10T04:31:15.2448173Z hint: Names commonly chosen instead of 'master' are 'main', 'trunk' and
2026-10-10T04:31:15.2449808Z hint: 'development'. The just-created branch can be renamed via this command:
2026-10-10T04:31:15.2451043Z hint:
2026-10-10T04:31:15.2451719Z hint: 	git branch -m <name>
2026-10-10T04:31:15.2452492Z hint:
2026-10-10T04:31:15.2453521Z hint: Disable this message with "git config set advice.defaultBranchName false"
2026-10-10T04:31:15.2455629Z Initialized empty Git repository in /home/runner/work/auxiliumos/auxiliumos/.git/
2026-10-10T04:31:15.2458682Z [command]/usr/bin/git remote add origin https://github.com/AuxiliumEnvironmental/auxiliumos
2026-10-10T04:31:15.2494513Z ##[endgroup]
2026-10-10T04:31:15.2495732Z ##[group]Disabling automatic garbage collection
2026-10-10T04:31:15.2496823Z [command]/usr/bin/git config --local gc.auto 0
2026-10-10T04:31:15.2523983Z ##[endgroup]
2026-10-10T04:31:15.2525156Z ##[group]Setting up auth
2026-10-10T04:31:15.2526018Z Removing SSH command configuration
2026-10-10T04:31:15.2527968Z [command]/usr/bin/git config --local --name-only --get-regexp core\.sshCommand
2026-10-10T04:31:15.2555606Z [command]/usr/bin/git submodule foreach --recursive sh -c "git config --local --name-only --get-regexp 'core\.sshCommand' && git config --local --unset-all 'core.sshCommand' || :"
2026-10-10T04:31:15.2837351Z Removing HTTP extra header
2026-10-10T04:31:15.2842339Z [command]/usr/bin/git config --local --name-only --get-regexp http\.https\:\/\/github\.com\/\.extraheader
2026-10-10T04:31:15.2871406Z [command]/usr/bin/git submodule foreach --recursive sh -c "git config --local --name-only --get-regexp 'http\.https\:\/\/github\.com\/\.extraheader' && git config --local --unset-all 'http.https://github.com/.extraheader' || :"
2026-10-10T04:31:15.3030295Z Removing includeIf entries pointing to credentials config files
2026-10-10T04:31:15.3032770Z [command]/usr/bin/git config --local --name-only --get-regexp ^includeIf\.gitdir:
2026-10-10T04:31:15.3057925Z [command]/usr/bin/git submodule foreach --recursive git config --local --show-origin --name-only --get-regexp remote.origin.url
2026-10-10T04:31:15.3222594Z [command]/usr/bin/git config --file /home/runner/work/_temp/git-credentials-c236f28e-bbdb-4d7d-94c6-f07d0e59a9c7.config http.https://github.com/.extraheader AUTHORIZATION: basic ***
2026-10-10T04:31:15.3254490Z [command]/usr/bin/git config --local includeIf.gitdir:/home/runner/work/auxiliumos/auxiliumos/.git.path /home/runner/work/_temp/git-credentials-c236f28e-bbdb-4d7d-94c6-f07d0e59a9c7.config
2026-10-10T04:31:15.3283320Z [command]/usr/bin/git config --local includeIf.gitdir:/home/runner/work/auxiliumos/auxiliumos/.git/worktrees/*.path /home/runner/work/_temp/git-credentials-c236f28e-bbdb-4d7d-94c6-f07d0e59a9c7.config
2026-10-10T04:31:15.3314044Z [command]/usr/bin/git config --local includeIf.gitdir:/github/workspace/.git.path /github/runner_temp/git-credentials-c236f28e-bbdb-4d7d-94c6-f07d0e59a9c7.config
2026-10-10T04:31:15.3341602Z [command]/usr/bin/git config --local includeIf.gitdir:/github/workspace/.git/worktrees/*.path /github/runner_temp/git-credentials-c236f28e-bbdb-4d7d-94c6-f07d0e59a9c7.config
2026-10-10T04:31:15.3366853Z ##[endgroup]
2026-10-10T04:31:15.3367659Z ##[group]Fetching the repository
2026-10-10T04:31:15.3370844Z [command]/usr/bin/git -c protocol.version=2 fetch --no-tags --prune --no-recurse-submodules --depth=1 origin +0b3d687620c4ab389084ef996eb2f948b6edbd62:refs/remotes/pull/87/merge
2026-10-10T04:31:15.9711278Z From https://github.com/AuxiliumEnvironmental/auxiliumos
2026-10-10T04:31:15.9712902Z  * [new ref]         0b3d687620c4ab389084ef996eb2f948b6edbd62 -> pull/87/merge
2026-10-10T04:31:15.9716016Z ##[endgroup]
2026-10-10T04:31:15.9717252Z ##[group]Determining the checkout info
2026-10-10T04:31:15.9718608Z ##[endgroup]
2026-10-10T04:31:15.9721228Z [command]/usr/bin/git sparse-checkout disable
2026-10-10T04:31:15.9763716Z [command]/usr/bin/git config --local --unset-all extensions.worktreeConfig
2026-10-10T04:31:15.9790625Z ##[group]Checking out the ref
2026-10-10T04:31:15.9793067Z [command]/usr/bin/git checkout --progress --force refs/remotes/pull/87/merge
2026-10-10T04:31:16.0146339Z Note: switching to 'refs/remotes/pull/87/merge'.
2026-10-10T04:31:16.0146989Z 
2026-10-10T04:31:16.0147561Z You are in 'detached HEAD' state. You can look around, make experimental
2026-10-10T04:31:16.0149229Z changes and commit them, and you can discard any commits you make in this
2026-10-10T04:31:16.0150781Z state without impacting any branches by switching back to a branch.
2026-10-10T04:31:16.0151638Z 
2026-10-10T04:31:16.0152252Z If you want to create a new branch to retain commits you create, you may
2026-10-10T04:31:16.0153532Z do so (now or later) by using -c with the switch command. Example:
2026-10-10T04:31:16.0154065Z 
2026-10-10T04:31:16.0154305Z   git switch -c <new-branch-name>
2026-10-10T04:31:16.0154676Z 
2026-10-10T04:31:16.0154899Z Or undo this operation with:
2026-10-10T04:31:16.0155247Z 
2026-10-10T04:31:16.0155443Z   git switch -
2026-10-10T04:31:16.0155770Z 
2026-10-10T04:31:16.0156405Z Turn off this advice by setting config variable advice.detachedHead to false
2026-10-10T04:31:16.0157181Z 
2026-10-10T04:31:16.0157899Z HEAD is now at 0b3d687 Merge a54372cbb40b6c7ef1044f1932aabb997670f585 into 148d74d9720f0799e5d845bb789cd3fc3f43feb8
2026-10-10T04:31:16.0160287Z ##[endgroup]
2026-10-10T04:31:16.0196639Z [command]/usr/bin/git log -1 --format=%H
2026-10-10T04:31:16.0220895Z 0b3d687620c4ab389084ef996eb2f948b6edbd62
2026-10-10T04:31:16.0233377Z ##[group]Removing auth
2026-10-10T04:31:16.0241930Z Removing SSH command configuration
2026-10-10T04:31:16.0242835Z [command]/usr/bin/git config --local --name-only --get-regexp core\.sshCommand
2026-10-10T04:31:16.0262593Z [command]/usr/bin/git submodule foreach --recursive sh -c "git config --local --name-only --get-regexp 'core\.sshCommand' && git config --local --unset-all 'core.sshCommand' || :"
2026-10-10T04:31:16.0426426Z Removing HTTP extra header
2026-10-10T04:31:16.0428144Z [command]/usr/bin/git config --local --name-only --get-regexp http\.https\:\/\/github\.com\/\.extraheader
2026-10-10T04:31:16.0459044Z [command]/usr/bin/git submodule foreach --recursive sh -c "git config --local --name-only --get-regexp 'http\.https\:\/\/github\.com\/\.extraheader' && git config --local --unset-all 'http.https://github.com/.extraheader' || :"
2026-10-10T04:31:16.0620135Z Removing includeIf entries pointing to credentials config files
2026-10-10T04:31:16.0621241Z [command]/usr/bin/git config --local --name-only --get-regexp ^includeIf\.gitdir:
2026-10-10T04:31:16.0643636Z includeif.gitdir:/home/runner/work/auxiliumos/auxiliumos/.git.path
2026-10-10T04:31:16.0644839Z includeif.gitdir:/home/runner/work/auxiliumos/auxiliumos/.git/worktrees/*.path
2026-10-10T04:31:16.0645884Z includeif.gitdir:/github/workspace/.git.path
2026-10-10T04:31:16.0646716Z includeif.gitdir:/github/workspace/.git/worktrees/*.path
2026-10-10T04:31:16.0649598Z [command]/usr/bin/git config --local --get-all includeif.gitdir:/home/runner/work/auxiliumos/auxiliumos/.git.path
2026-10-10T04:31:16.0670143Z /home/runner/work/_temp/git-credentials-c236f28e-bbdb-4d7d-94c6-f07d0e59a9c7.config
2026-10-10T04:31:16.0676834Z [command]/usr/bin/git config --local --unset includeif.gitdir:/home/runner/work/auxiliumos/auxiliumos/.git.path \/home\/runner\/work\/_temp\/git\-credentials\-c236f28e\-bbdb\-4d7d\-94c6\-f07d0e59a9c7\.config
2026-10-10T04:31:16.0704371Z [command]/usr/bin/git config --local --get-all includeif.gitdir:/home/runner/work/auxiliumos/auxiliumos/.git/worktrees/*.path
2026-10-10T04:31:16.0724590Z /home/runner/work/_temp/git-credentials-c236f28e-bbdb-4d7d-94c6-f07d0e59a9c7.config
2026-10-10T04:31:16.0729796Z [command]/usr/bin/git config --local --unset includeif.gitdir:/home/runner/work/auxiliumos/auxiliumos/.git/worktrees/*.path \/home\/runner\/work\/_temp\/git\-credentials\-c236f28e\-bbdb\-4d7d\-94c6\-f07d0e59a9c7\.config
2026-10-10T04:31:16.0755125Z [command]/usr/bin/git config --local --get-all includeif.gitdir:/github/workspace/.git.path
2026-10-10T04:31:16.0774923Z /github/runner_temp/git-credentials-c236f28e-bbdb-4d7d-94c6-f07d0e59a9c7.config
2026-10-10T04:31:16.0781026Z [command]/usr/bin/git config --local --unset includeif.gitdir:/github/workspace/.git.path \/github\/runner_temp\/git\-credentials\-c236f28e\-bbdb\-4d7d\-94c6\-f07d0e59a9c7\.config
2026-10-10T04:31:16.0809310Z [command]/usr/bin/git config --local --get-all includeif.gitdir:/github/workspace/.git/worktrees/*.path
2026-10-10T04:31:16.0829028Z /github/runner_temp/git-credentials-c236f28e-bbdb-4d7d-94c6-f07d0e59a9c7.config
2026-10-10T04:31:16.0873489Z [command]/usr/bin/git config --local --unset includeif.gitdir:/github/workspace/.git/worktrees/*.path \/github\/runner_temp\/git\-credentials\-c236f28e\-bbdb\-4d7d\-94c6\-f07d0e59a9c7\.config
2026-10-10T04:31:16.0903450Z [command]/usr/bin/git submodule foreach --recursive git config --local --show-origin --name-only --get-regexp remote.origin.url
2026-10-10T04:31:16.1063976Z Removing credentials config '/home/runner/work/_temp/git-credentials-c236f28e-bbdb-4d7d-94c6-f07d0e59a9c7.config'
2026-10-10T04:31:16.1069688Z ##[endgroup]
2026-10-10T04:31:16.2867717Z ##[group]Run actions/setup-node@v7
2026-10-10T04:31:16.2868286Z with:
2026-10-10T04:31:16.2868722Z   node-version: 24
2026-10-10T04:31:16.2869263Z   cache: npm
2026-10-10T04:31:16.2869712Z   check-latest: false
2026-10-10T04:31:16.2874497Z   token: ***
2026-10-10T04:31:16.2874973Z   package-manager-cache: true
2026-10-10T04:31:16.2875524Z ##[endgroup]
2026-10-10T04:31:16.3676435Z Found in cache @ /opt/hostedtoolcache/node/24.21.0/x64
2026-10-10T04:31:16.4332930Z ##[group]Environment details
2026-10-10T04:31:16.6837248Z node: v24.21.0
2026-10-10T04:31:16.6837678Z npm: 11.19.0
2026-10-10T04:31:16.6837950Z yarn: 1.22.22
2026-10-10T04:31:16.6838861Z ##[endgroup]
2026-10-10T04:31:16.6849621Z [command]/opt/hostedtoolcache/node/24.21.0/x64/bin/npm config get cache
2026-10-10T04:31:16.7595201Z /home/runner/.npm
2026-10-10T04:31:17.0133590Z npm cache is not found
2026-10-10T04:31:17.0518550Z ##[group]Run npm ci
2026-10-10T04:31:17.0518750Z [36;1mnpm ci[0m
2026-10-10T04:31:17.0742360Z shell: /usr/bin/bash -e {0}
2026-10-10T04:31:17.0742527Z ##[endgroup]
2026-10-10T04:31:21.2889869Z 
2026-10-10T04:31:21.2896612Z added 118 packages, and audited 119 packages in 4s
2026-10-10T04:31:21.2896948Z 
2026-10-10T04:31:21.2897206Z 23 packages are looking for funding
2026-10-10T04:31:21.2897500Z   run `npm fund` for details
2026-10-10T04:31:21.2898418Z 
2026-10-10T04:31:21.2898620Z found 0 vulnerabilities
2026-10-10T04:31:21.3536846Z ##[group]Run npm run os:verify -- directory-database
2026-10-10T04:31:21.3537121Z [36;1mnpm run os:verify -- directory-database[0m
2026-10-10T04:31:21.3589901Z shell: /usr/bin/bash -e {0}
2026-10-10T04:31:21.3590055Z ##[endgroup]
2026-10-10T04:31:21.4265290Z 
2026-10-10T04:31:21.4265822Z > auxiliumos@0.0.0 os:verify
2026-10-10T04:31:21.4266160Z > node scripts/os-control.mjs verify directory-database
2026-10-10T04:31:21.4266308Z 
2026-10-10T04:31:24.3430204Z {
2026-10-10T04:31:24.3430552Z   "status": "passed",
2026-10-10T04:31:24.3430795Z   "profile": "directory-database",
2026-10-10T04:31:24.3430973Z   "reused": false,
2026-10-10T04:31:24.3431189Z   "evidence": "docs/00-control/evidence/directory-database.json",
2026-10-10T04:31:24.3431440Z   "level": "database"
2026-10-10T04:31:24.3431565Z }
2026-10-10T04:31:24.3734726Z ##[group]Run npm run os:verify -- access-audit-database
2026-10-10T04:31:24.3735017Z [36;1mnpm run os:verify -- access-audit-database[0m
2026-10-10T04:31:24.3786588Z shell: /usr/bin/bash -e {0}
2026-10-10T04:31:24.3786739Z ##[endgroup]
2026-10-10T04:31:24.4495180Z 
2026-10-10T04:31:24.4495607Z > auxiliumos@0.0.0 os:verify
2026-10-10T04:31:24.4495955Z > node scripts/os-control.mjs verify access-audit-database
2026-10-10T04:31:24.4496104Z 
2026-10-10T04:31:26.8941869Z {
2026-10-10T04:31:26.8942197Z   "status": "passed",
2026-10-10T04:31:26.8942530Z   "profile": "access-audit-database",
2026-10-10T04:31:26.8942787Z   "reused": false,
2026-10-10T04:31:26.8943113Z   "evidence": "docs/00-control/evidence/access-audit-database.json",
2026-10-10T04:31:26.8943439Z   "level": "database"
2026-10-10T04:31:26.8943629Z }
2026-10-10T04:31:26.9563325Z ##[group]Run npm run os:verify -- private-object-reservations-database
2026-10-10T04:31:26.9563640Z [36;1mnpm run os:verify -- private-object-reservations-database[0m
2026-10-10T04:31:26.9616853Z shell: /usr/bin/bash -e {0}
2026-10-10T04:31:26.9616998Z ##[endgroup]
2026-10-10T04:31:27.1315350Z 
2026-10-10T04:31:27.1315872Z > auxiliumos@0.0.0 os:verify
2026-10-10T04:31:27.1316259Z > node scripts/os-control.mjs verify private-object-reservations-database
2026-10-10T04:31:27.1316442Z 
2026-10-10T04:31:29.7886348Z {
2026-10-10T04:31:29.7886659Z   "status": "passed",
2026-10-10T04:31:29.7887035Z   "profile": "private-object-reservations-database",
2026-10-10T04:31:29.7887356Z   "reused": false,
2026-10-10T04:31:29.7887744Z   "evidence": "docs/00-control/evidence/private-object-reservations-database.json",
2026-10-10T04:31:29.7888176Z   "level": "database"
2026-10-10T04:31:29.7888362Z }
2026-10-10T04:31:29.8268117Z ##[group]Run npm run os:verify -- intake-database
2026-10-10T04:31:29.8268349Z [36;1mnpm run os:verify -- intake-database[0m
2026-10-10T04:31:29.8320637Z shell: /usr/bin/bash -e {0}
2026-10-10T04:31:29.8320780Z ##[endgroup]
2026-10-10T04:31:29.8983664Z 
2026-10-10T04:31:29.8984180Z > auxiliumos@0.0.0 os:verify
2026-10-10T04:31:29.8984504Z > node scripts/os-control.mjs verify intake-database
2026-10-10T04:31:29.8984675Z 
2026-10-10T04:31:32.3678784Z {
2026-10-10T04:31:32.3679188Z   "status": "passed",
2026-10-10T04:31:32.3679637Z   "profile": "intake-database",
2026-10-10T04:31:32.3679881Z   "reused": false,
2026-10-10T04:31:32.3680184Z   "evidence": "docs/00-control/evidence/intake-database.json",
2026-10-10T04:31:32.3680499Z   "level": "database"
2026-10-10T04:31:32.3680687Z }
2026-10-10T04:31:32.3904716Z ##[group]Run npm run os:verify -- intake-unit
2026-10-10T04:31:32.3904945Z [36;1mnpm run os:verify -- intake-unit[0m
2026-10-10T04:31:32.3958153Z shell: /usr/bin/bash -e {0}
2026-10-10T04:31:32.3958301Z ##[endgroup]
2026-10-10T04:31:32.4642488Z 
2026-10-10T04:31:32.4642985Z > auxiliumos@0.0.0 os:verify
2026-10-10T04:31:32.4643399Z > node scripts/os-control.mjs verify intake-unit
2026-10-10T04:31:32.4643564Z 
2026-10-10T04:31:32.7825284Z {
2026-10-10T04:31:32.7825515Z   "status": "passed",
2026-10-10T04:31:32.7825699Z   "profile": "intake-unit",
2026-10-10T04:31:32.7825899Z   "reused": false,
2026-10-10T04:31:32.7826091Z   "evidence": "docs/00-control/evidence/intake-unit.json",
2026-10-10T04:31:32.7826279Z   "level": "unit"
2026-10-10T04:31:32.7826395Z }
2026-10-10T04:31:32.8051838Z ##[group]Run npm run os:verify -- private-file-database
2026-10-10T04:31:32.8052088Z [36;1mnpm run os:verify -- private-file-database[0m
2026-10-10T04:31:32.8106564Z shell: /usr/bin/bash -e {0}
2026-10-10T04:31:32.8106800Z ##[endgroup]
2026-10-10T04:31:32.8768624Z 
2026-10-10T04:31:32.8769289Z > auxiliumos@0.0.0 os:verify
2026-10-10T04:31:32.8769733Z > node scripts/os-control.mjs verify private-file-database
2026-10-10T04:31:32.8769964Z 
2026-10-10T04:31:35.4431950Z {
2026-10-10T04:31:35.4432250Z   "status": "passed",
2026-10-10T04:31:35.4432567Z   "profile": "private-file-database",
2026-10-10T04:31:35.4432837Z   "reused": false,
2026-10-10T04:31:35.4433155Z   "evidence": "docs/00-control/evidence/private-file-database.json",
2026-10-10T04:31:35.4433484Z   "level": "database"
2026-10-10T04:31:35.4433948Z }
2026-10-10T04:31:35.4712001Z ##[group]Run npm run os:verify -- private-clearance-database
2026-10-10T04:31:35.4712446Z [36;1mnpm run os:verify -- private-clearance-database[0m
2026-10-10T04:31:35.4782393Z shell: /usr/bin/bash -e {0}
2026-10-10T04:31:35.4782640Z ##[endgroup]
2026-10-10T04:31:35.5438029Z 
2026-10-10T04:31:35.5438494Z > auxiliumos@0.0.0 os:verify
2026-10-10T04:31:35.5438814Z > node scripts/os-control.mjs verify private-clearance-database
2026-10-10T04:31:35.5439074Z 
2026-10-10T04:31:37.7296730Z {
2026-10-10T04:31:37.7297035Z   "status": "passed",
2026-10-10T04:31:37.7297351Z   "profile": "private-clearance-database",
2026-10-10T04:31:37.7297626Z   "reused": false,
2026-10-10T04:31:37.7297964Z   "evidence": "docs/00-control/evidence/private-clearance-database.json",
2026-10-10T04:31:37.7298304Z   "level": "database"
2026-10-10T04:31:37.7298491Z }
2026-10-10T04:31:37.7530908Z ##[group]Run npm run os:verify -- document-versions-database
2026-10-10T04:31:37.7531184Z [36;1mnpm run os:verify -- document-versions-database[0m
2026-10-10T04:31:37.7584294Z shell: /usr/bin/bash -e {0}
2026-10-10T04:31:37.7584438Z ##[endgroup]
2026-10-10T04:31:37.8258781Z 
2026-10-10T04:31:37.8259253Z > auxiliumos@0.0.0 os:verify
2026-10-10T04:31:37.8259689Z > node scripts/os-control.mjs verify document-versions-database
2026-10-10T04:31:37.8259949Z 
2026-10-10T04:31:40.4244382Z {
2026-10-10T04:31:40.4244704Z   "status": "passed",
2026-10-10T04:31:40.4245036Z   "profile": "document-versions-database",
2026-10-10T04:31:40.4245304Z   "reused": false,
2026-10-10T04:31:40.4245635Z   "evidence": "docs/00-control/evidence/document-versions-database.json",
2026-10-10T04:31:40.4245970Z   "level": "database"
2026-10-10T04:31:40.4246150Z }
2026-10-10T04:31:40.4513562Z ##[group]Run npm run os:verify -- document-content-database
2026-10-10T04:31:40.4513990Z [36;1mnpm run os:verify -- document-content-database[0m
2026-10-10T04:31:40.4575089Z shell: /usr/bin/bash -e {0}
2026-10-10T04:31:40.4575248Z ##[endgroup]
2026-10-10T04:31:40.5213907Z 
2026-10-10T04:31:40.5214372Z > auxiliumos@0.0.0 os:verify
2026-10-10T04:31:40.5214847Z > node scripts/os-control.mjs verify document-content-database
2026-10-10T04:31:40.5215103Z 
2026-10-10T04:31:42.5142329Z {
2026-10-10T04:31:42.5142622Z   "status": "passed",
2026-10-10T04:31:42.5142934Z   "profile": "document-content-database",
2026-10-10T04:31:42.5143207Z   "reused": false,
2026-10-10T04:31:42.5143531Z   "evidence": "docs/00-control/evidence/document-content-database.json",
2026-10-10T04:31:42.5143872Z   "level": "database"
2026-10-10T04:31:42.5144054Z }
2026-10-10T04:31:42.5382641Z ##[group]Run npm run os:verify -- workspace-plans-database
2026-10-10T04:31:42.5382903Z [36;1mnpm run os:verify -- workspace-plans-database[0m
2026-10-10T04:31:42.5433699Z shell: /usr/bin/bash -e {0}
2026-10-10T04:31:42.5433850Z ##[endgroup]
2026-10-10T04:31:42.6130395Z 
2026-10-10T04:31:42.6130676Z > auxiliumos@0.0.0 os:verify
2026-10-10T04:31:42.6131094Z > node scripts/os-control.mjs verify workspace-plans-database
2026-10-10T04:31:42.6131354Z 
2026-10-10T04:31:44.7288267Z {
2026-10-10T04:31:44.7288501Z   "status": "passed",
2026-10-10T04:31:44.7288721Z   "profile": "workspace-plans-database",
2026-10-10T04:31:44.7289069Z   "reused": false,
2026-10-10T04:31:44.7289389Z   "evidence": "docs/00-control/evidence/workspace-plans-database.json",
2026-10-10T04:31:44.7289608Z   "level": "database"
2026-10-10T04:31:44.7289730Z }
2026-10-10T04:31:44.7508059Z ##[group]Run npm run os:verify -- document-reviews-database
2026-10-10T04:31:44.7508321Z [36;1mnpm run os:verify -- document-reviews-database[0m
2026-10-10T04:31:44.7560194Z shell: /usr/bin/bash -e {0}
2026-10-10T04:31:44.7560336Z ##[endgroup]
2026-10-10T04:31:44.8236343Z 
2026-10-10T04:31:44.8236839Z > auxiliumos@0.0.0 os:verify
2026-10-10T04:31:44.8237202Z > node scripts/os-control.mjs verify document-reviews-database
2026-10-10T04:31:44.8237365Z 
2026-10-10T04:31:46.8092431Z {
2026-10-10T04:31:46.8092702Z   "status": "passed",
2026-10-10T04:31:46.8093167Z   "profile": "document-reviews-database",
2026-10-10T04:31:46.8093348Z   "reused": false,
2026-10-10T04:31:46.8093566Z   "evidence": "docs/00-control/evidence/document-reviews-database.json",
2026-10-10T04:31:46.8093782Z   "level": "database"
2026-10-10T04:31:46.8093901Z }
2026-10-10T04:31:46.8312654Z ##[group]Run npm run os:verify -- document-releases-database
2026-10-10T04:31:46.8312924Z [36;1mnpm run os:verify -- document-releases-database[0m
2026-10-10T04:31:46.8364473Z shell: /usr/bin/bash -e {0}
2026-10-10T04:31:46.8364618Z ##[endgroup]
2026-10-10T04:31:46.8996807Z 
2026-10-10T04:31:46.8997266Z > auxiliumos@0.0.0 os:verify
2026-10-10T04:31:46.8997769Z > node scripts/os-control.mjs verify document-releases-database
2026-10-10T04:31:46.8998033Z 
2026-10-10T04:31:49.6719051Z {
2026-10-10T04:31:49.6719340Z   "status": "passed",
2026-10-10T04:31:49.6719557Z   "profile": "document-releases-database",
2026-10-10T04:31:49.6719734Z   "reused": false,
2026-10-10T04:31:49.6719943Z   "evidence": "docs/00-control/evidence/document-releases-database.json",
2026-10-10T04:31:49.6720191Z   "level": "database"
2026-10-10T04:31:49.6720306Z }
2026-10-10T04:31:49.6936321Z ##[group]Run npm run os:verify -- document-release-content-database
2026-10-10T04:31:49.6936613Z [36;1mnpm run os:verify -- document-release-content-database[0m
2026-10-10T04:31:49.6988822Z shell: /usr/bin/bash -e {0}
2026-10-10T04:31:49.6989057Z ##[endgroup]
2026-10-10T04:31:49.7632467Z 
2026-10-10T04:31:49.7633014Z > auxiliumos@0.0.0 os:verify
2026-10-10T04:31:49.7633430Z > node scripts/os-control.mjs verify document-release-content-database
2026-10-10T04:31:49.7633615Z 
2026-10-10T04:31:52.4245435Z {
2026-10-10T04:31:52.4245702Z   "status": "passed",
2026-10-10T04:31:52.4245944Z   "profile": "document-release-content-database",
2026-10-10T04:31:52.4246143Z   "reused": false,
2026-10-10T04:31:52.4246377Z   "evidence": "docs/00-control/evidence/document-release-content-database.json",
2026-10-10T04:31:52.4246611Z   "level": "database"
2026-10-10T04:31:52.4246768Z }
2026-10-10T04:31:52.4530893Z ##[group]Run npm run os:verify -- document-release-content-gateway-unit
2026-10-10T04:31:52.4531389Z [36;1mnpm run os:verify -- document-release-content-gateway-unit[0m
2026-10-10T04:31:52.4602302Z shell: /usr/bin/bash -e {0}
2026-10-10T04:31:52.4602545Z ##[endgroup]
2026-10-10T04:31:52.5246378Z 
2026-10-10T04:31:52.5246713Z > auxiliumos@0.0.0 os:verify
2026-10-10T04:31:52.5247156Z > node scripts/os-control.mjs verify document-release-content-gateway-unit
2026-10-10T04:31:52.5247346Z 
2026-10-10T04:31:52.9182436Z {
2026-10-10T04:31:52.9182726Z   "status": "passed",
2026-10-10T04:31:52.9183021Z   "profile": "document-release-content-gateway-unit",
2026-10-10T04:31:52.9183228Z   "reused": false,
2026-10-10T04:31:52.9183468Z   "evidence": "docs/00-control/evidence/document-release-content-gateway-unit.json",
2026-10-10T04:31:52.9183707Z   "level": "unit"
2026-10-10T04:31:52.9183821Z }
2026-10-10T04:31:52.9403063Z ##[group]Run npm run os:verify -- document-content-gateway-unit
2026-10-10T04:31:52.9403359Z [36;1mnpm run os:verify -- document-content-gateway-unit[0m
2026-10-10T04:31:52.9455634Z shell: /usr/bin/bash -e {0}
2026-10-10T04:31:52.9455779Z ##[endgroup]
2026-10-10T04:31:53.0121610Z 
2026-10-10T04:31:53.0121932Z > auxiliumos@0.0.0 os:verify
2026-10-10T04:31:53.0122251Z > node scripts/os-control.mjs verify document-content-gateway-unit
2026-10-10T04:31:53.0122416Z 
2026-10-10T04:31:53.4091068Z {
2026-10-10T04:31:53.4091289Z   "status": "passed",
2026-10-10T04:31:53.4091526Z   "profile": "document-content-gateway-unit",
2026-10-10T04:31:53.4091721Z   "reused": false,
2026-10-10T04:31:53.4091947Z   "evidence": "docs/00-control/evidence/document-content-gateway-unit.json",
2026-10-10T04:31:53.4092175Z   "level": "unit"
2026-10-10T04:31:53.4092290Z }
2026-10-10T04:31:53.4318077Z ##[group]Run npm run os:verify -- private-file-unit
2026-10-10T04:31:53.4318455Z [36;1mnpm run os:verify -- private-file-unit[0m
2026-10-10T04:31:53.4372811Z shell: /usr/bin/bash -e {0}
2026-10-10T04:31:53.4373118Z ##[endgroup]
2026-10-10T04:31:53.5039597Z 
2026-10-10T04:31:53.5039948Z > auxiliumos@0.0.0 os:verify
2026-10-10T04:31:53.5040386Z > node scripts/os-control.mjs verify private-file-unit
2026-10-10T04:31:53.5040613Z 
2026-10-10T04:31:53.7591998Z {
2026-10-10T04:31:53.7592308Z   "status": "passed",
2026-10-10T04:31:53.7592603Z   "profile": "private-file-unit",
2026-10-10T04:31:53.7592773Z   "reused": false,
2026-10-10T04:31:53.7592971Z   "evidence": "docs/00-control/evidence/private-file-unit.json",
2026-10-10T04:31:53.7593173Z   "level": "unit"
2026-10-10T04:31:53.7593292Z }
2026-10-10T04:31:53.7814173Z ##[group]Run npm run os:verify -- private-file-entrypoint
2026-10-10T04:31:53.7814436Z [36;1mnpm run os:verify -- private-file-entrypoint[0m
2026-10-10T04:31:53.7865154Z shell: /usr/bin/bash -e {0}
2026-10-10T04:31:53.7865296Z ##[endgroup]
2026-10-10T04:31:53.8502384Z 
2026-10-10T04:31:53.8502683Z > auxiliumos@0.0.0 os:verify
2026-10-10T04:31:53.8503104Z > node scripts/os-control.mjs verify private-file-entrypoint
2026-10-10T04:31:53.8503279Z 
2026-10-10T04:31:54.1688881Z {
2026-10-10T04:31:54.1689303Z   "status": "passed",
2026-10-10T04:31:54.1689557Z   "profile": "private-file-entrypoint",
2026-10-10T04:31:54.1689732Z   "reused": false,
2026-10-10T04:31:54.1689942Z   "evidence": "docs/00-control/evidence/private-file-entrypoint.json",
2026-10-10T04:31:54.1690155Z   "level": "unit"
2026-10-10T04:31:54.1690271Z }
2026-10-10T04:31:54.1915322Z ##[group]Run npm run os:verify -- private-file-client-unit
2026-10-10T04:31:54.1915580Z [36;1mnpm run os:verify -- private-file-client-unit[0m
2026-10-10T04:31:54.1966359Z shell: /usr/bin/bash -e {0}
2026-10-10T04:31:54.1966500Z ##[endgroup]
2026-10-10T04:31:54.2615254Z 
2026-10-10T04:31:54.2615634Z > auxiliumos@0.0.0 os:verify
2026-10-10T04:31:54.2615954Z > node scripts/os-control.mjs verify private-file-client-unit
2026-10-10T04:31:54.2616113Z 
2026-10-10T04:31:54.6239679Z {
2026-10-10T04:31:54.6239934Z   "status": "passed",
2026-10-10T04:31:54.6240216Z   "profile": "private-file-client-unit",
2026-10-10T04:31:54.6240389Z   "reused": false,
2026-10-10T04:31:54.6240601Z   "evidence": "docs/00-control/evidence/private-file-client-unit.json",
2026-10-10T04:31:54.6240811Z   "level": "unit"
2026-10-10T04:31:54.6240927Z }
2026-10-10T04:31:54.6465057Z ##[group]Run npm run os:verify -- private-security-client-unit
2026-10-10T04:31:54.6465319Z [36;1mnpm run os:verify -- private-security-client-unit[0m
2026-10-10T04:31:54.6516025Z shell: /usr/bin/bash -e {0}
2026-10-10T04:31:54.6516165Z ##[endgroup]
2026-10-10T04:31:54.7140733Z 
2026-10-10T04:31:54.7141228Z > auxiliumos@0.0.0 os:verify
2026-10-10T04:31:54.7141716Z > node scripts/os-control.mjs verify private-security-client-unit
2026-10-10T04:31:54.7141985Z 
2026-10-10T04:31:55.0472457Z {
2026-10-10T04:31:55.0472677Z   "status": "passed",
2026-10-10T04:31:55.0472908Z   "profile": "private-security-client-unit",
2026-10-10T04:31:55.0473093Z   "reused": false,
2026-10-10T04:31:55.0473315Z   "evidence": "docs/00-control/evidence/private-security-client-unit.json",
2026-10-10T04:31:55.0473572Z   "level": "unit"
2026-10-10T04:31:55.0473686Z }
2026-10-10T04:31:55.0704234Z ##[group]Run npm run os:verify -- document-versions-client-unit
2026-10-10T04:31:55.0704507Z [36;1mnpm run os:verify -- document-versions-client-unit[0m
2026-10-10T04:31:55.0757222Z shell: /usr/bin/bash -e {0}
2026-10-10T04:31:55.0757367Z ##[endgroup]
2026-10-10T04:31:55.1424011Z 
2026-10-10T04:31:55.1424459Z > auxiliumos@0.0.0 os:verify
2026-10-10T04:31:55.1424774Z > node scripts/os-control.mjs verify document-versions-client-unit
2026-10-10T04:31:55.1424972Z 
2026-10-10T04:31:55.5249993Z {
2026-10-10T04:31:55.5250210Z   "status": "passed",
2026-10-10T04:31:55.5250447Z   "profile": "document-versions-client-unit",
2026-10-10T04:31:55.5250633Z   "reused": false,
2026-10-10T04:31:55.5250847Z   "evidence": "docs/00-control/evidence/document-versions-client-unit.json",
2026-10-10T04:31:55.5251067Z   "level": "unit"
2026-10-10T04:31:55.5251185Z }
2026-10-10T04:31:55.5507359Z ##[group]Run npm run os:verify -- document-content-client-unit
2026-10-10T04:31:55.5507814Z [36;1mnpm run os:verify -- document-content-client-unit[0m
2026-10-10T04:31:55.5571801Z shell: /usr/bin/bash -e {0}
2026-10-10T04:31:55.5571963Z ##[endgroup]
2026-10-10T04:31:55.6205601Z 
2026-10-10T04:31:55.6205867Z > auxiliumos@0.0.0 os:verify
2026-10-10T04:31:55.6206301Z > node scripts/os-control.mjs verify document-content-client-unit
2026-10-10T04:31:55.6206492Z 
2026-10-10T04:31:55.9775315Z {
2026-10-10T04:31:55.9775579Z   "status": "passed",
2026-10-10T04:31:55.9775818Z   "profile": "document-content-client-unit",
2026-10-10T04:31:55.9776001Z   "reused": false,
2026-10-10T04:31:55.9776225Z   "evidence": "docs/00-control/evidence/document-content-client-unit.json",
2026-10-10T04:31:55.9776445Z   "level": "unit"
2026-10-10T04:31:55.9776558Z }
2026-10-10T04:31:55.9965789Z ##[group]Run npm run os:verify -- workspace-plans-client-unit
2026-10-10T04:31:55.9966051Z [36;1mnpm run os:verify -- workspace-plans-client-unit[0m
2026-10-10T04:31:56.0016614Z shell: /usr/bin/bash -e {0}
2026-10-10T04:31:56.0016758Z ##[endgroup]
2026-10-10T04:31:56.0676692Z 
2026-10-10T04:31:56.0676921Z > auxiliumos@0.0.0 os:verify
2026-10-10T04:31:56.0677232Z > node scripts/os-control.mjs verify workspace-plans-client-unit
2026-10-10T04:31:56.0677390Z 
2026-10-10T04:31:56.4014153Z {
2026-10-10T04:31:56.4014410Z   "status": "passed",
2026-10-10T04:31:56.4014706Z   "profile": "workspace-plans-client-unit",
2026-10-10T04:31:56.4014974Z   "reused": false,
2026-10-10T04:31:56.4015305Z   "evidence": "docs/00-control/evidence/workspace-plans-client-unit.json",
2026-10-10T04:31:56.4015642Z   "level": "unit"
2026-10-10T04:31:56.4015813Z }
2026-10-10T04:31:56.4229729Z ##[group]Run npm run os:verify -- document-reviews-client-unit
2026-10-10T04:31:56.4229988Z [36;1mnpm run os:verify -- document-reviews-client-unit[0m
2026-10-10T04:31:56.4281079Z shell: /usr/bin/bash -e {0}
2026-10-10T04:31:56.4281220Z ##[endgroup]
2026-10-10T04:31:56.4904544Z 
2026-10-10T04:31:56.4904762Z > auxiliumos@0.0.0 os:verify
2026-10-10T04:31:56.4905179Z > node scripts/os-control.mjs verify document-reviews-client-unit
2026-10-10T04:31:56.4905376Z 
2026-10-10T04:31:56.7979528Z {
2026-10-10T04:31:56.7981127Z   "status": "passed",
2026-10-10T04:31:56.7981442Z   "profile": "document-reviews-client-unit",
2026-10-10T04:31:56.7981627Z   "reused": false,
2026-10-10T04:31:56.7981846Z   "evidence": "docs/00-control/evidence/document-reviews-client-unit.json",
2026-10-10T04:31:56.7982063Z   "level": "unit"
2026-10-10T04:31:56.7982177Z }
2026-10-10T04:31:56.8179020Z ##[group]Run npm run os:verify -- document-releases-client-unit
2026-10-10T04:31:56.8179287Z [36;1mnpm run os:verify -- document-releases-client-unit[0m
2026-10-10T04:31:56.8230764Z shell: /usr/bin/bash -e {0}
2026-10-10T04:31:56.8230905Z ##[endgroup]
2026-10-10T04:31:56.8887553Z 
2026-10-10T04:31:56.8887799Z > auxiliumos@0.0.0 os:verify
2026-10-10T04:31:56.8888248Z > node scripts/os-control.mjs verify document-releases-client-unit
2026-10-10T04:31:56.8888538Z 
2026-10-10T04:31:57.2048364Z {
2026-10-10T04:31:57.2048648Z   "status": "passed",
2026-10-10T04:31:57.2049111Z   "profile": "document-releases-client-unit",
2026-10-10T04:31:57.2049407Z   "reused": false,
2026-10-10T04:31:57.2049761Z   "evidence": "docs/00-control/evidence/document-releases-client-unit.json",
2026-10-10T04:31:57.2050110Z   "level": "unit"
2026-10-10T04:31:57.2050284Z }
2026-10-10T04:31:57.2255083Z ##[group]Run node --test tests/unit/sample-case.test.mjs
2026-10-10T04:31:57.2255320Z [36;1mnode --test tests/unit/sample-case.test.mjs[0m
2026-10-10T04:31:57.2307662Z shell: /usr/bin/bash -e {0}
2026-10-10T04:31:57.2307807Z ##[endgroup]
2026-10-10T04:31:57.5065083Z ✔ sample examples satisfy server bounds for every screen (2.941621ms)
2026-10-10T04:31:57.5067386Z ✔ sample references are plain SAMPLE identifiers, not UUIDs or links (0.191949ms)
2026-10-10T04:31:57.5068372Z ✔ readiness site passport uses the approved Facility coordinator key (0.137107ms)
2026-10-10T04:31:57.5175133Z ℹ tests 3
2026-10-10T04:31:57.5175347Z ℹ suites 0
2026-10-10T04:31:57.5175535Z ℹ pass 3
2026-10-10T04:31:57.5175715Z ℹ fail 0
2026-10-10T04:31:57.5175902Z ℹ cancelled 0
2026-10-10T04:31:57.5176386Z ℹ skipped 0
2026-10-10T04:31:57.5176530Z ℹ todo 0
2026-10-10T04:31:57.5221612Z ℹ duration_ms 260.556643
2026-10-10T04:31:57.5320428Z ##[group]Run npm run os:verify -- api-fixture-safety
2026-10-10T04:31:57.5320650Z [36;1mnpm run os:verify -- api-fixture-safety[0m
2026-10-10T04:31:57.5372250Z shell: /usr/bin/bash -e {0}
2026-10-10T04:31:57.5372387Z ##[endgroup]
2026-10-10T04:31:57.6013312Z 
2026-10-10T04:31:57.6013802Z > auxiliumos@0.0.0 os:verify
2026-10-10T04:31:57.6014223Z > node scripts/os-control.mjs verify api-fixture-safety
2026-10-10T04:31:57.6014368Z 
2026-10-10T04:31:57.7464580Z {
2026-10-10T04:31:57.7464878Z   "status": "passed",
2026-10-10T04:31:57.7465178Z   "profile": "api-fixture-safety",
2026-10-10T04:31:57.7465439Z   "reused": false,
2026-10-10T04:31:57.7465789Z   "evidence": "docs/00-control/evidence/api-fixture-safety.json",
2026-10-10T04:31:57.7466112Z   "level": "control_unit"
2026-10-10T04:31:57.7466311Z }
2026-10-10T04:31:57.7743802Z ##[group]Run node --test tests/unit/owner-onboarding.test.mjs tests/database/owner-onboarding.test.mjs
2026-10-10T04:31:57.7744493Z [36;1mnode --test tests/unit/owner-onboarding.test.mjs tests/database/owner-onboarding.test.mjs[0m
2026-10-10T04:31:57.7814823Z shell: /usr/bin/bash -e {0}
2026-10-10T04:31:57.7815064Z ##[endgroup]
2026-10-10T04:31:59.1416517Z ▶ atomic initial owner activation: PostgreSQL engine with simulated Auth context, no hosted/concurrency claim
2026-10-10T04:31:59.1417331Z   ✔ service-only preflight is read-only even before activation (6.571481ms)
2026-10-10T04:31:59.1418354Z   ✔ one exact initial activation appends system provenance and an exact repeat is read-only (10.483547ms)
2026-10-10T04:31:59.1427685Z   ✔ anonymous and authenticated roles cannot invoke either wrapper or private function (6.636329ms)
2026-10-10T04:31:59.1428750Z   ✔ a direct service_role session cannot impersonate the protected PostgREST service context (1.787138ms)
2026-10-10T04:31:59.1429835Z   ✔ different or changed owner Auth email and wrong Auth UUID are denied (3.163536ms)
2026-10-10T04:31:59.1430702Z   ✔ profile suspension after any previous activation can never be restored (5.834788ms)
2026-10-10T04:31:59.1431642Z   ✔ a previously removed identity remains denied even if manually returned to initial suspended status (4.336928ms)
2026-10-10T04:31:59.1432504Z   ✔ nondevelopment account cannot be repaired or activated (1.946839ms)
2026-10-10T04:31:59.1433322Z   ✔ foreign facility cannot be repaired or activated (3.891144ms)
2026-10-10T04:31:59.1433991Z   ✔ removed membership cannot be repaired or activated (2.985767ms)
2026-10-10T04:31:59.1434847Z   ✔ revoked grant cannot be repaired or activated (2.874329ms)
2026-10-10T04:31:59.1435354Z   ✔ broader grant cannot be repaired or activated (2.233171ms)
2026-10-10T04:31:59.1435797Z   ✔ missing grant cannot be repaired or activated (2.559393ms)
2026-10-10T04:31:59.1436359Z   ✔ missing administrative designation cannot be repaired or activated (2.142685ms)
2026-10-10T04:31:59.1436898Z   ✔ wrong profile label cannot be repaired or activated (1.951106ms)
2026-10-10T04:31:59.1437434Z   ✔ restored grants and access rows cannot erase revocation history (4.097676ms)
2026-10-10T04:31:59.1438056Z   ✔ another account lifecycle or an extra legacy role prevents initial activation (2.400504ms)
2026-10-10T04:31:59.1438822Z   ✔ activation changes no scoped capabilities, professional grants, release configuration or seed identities (5.961721ms)
2026-10-10T04:31:59.1439915Z ✔ atomic initial owner activation: PostgreSQL engine with simulated Auth context, no hosted/concurrency claim (1260.678003ms)
2026-10-10T04:31:59.1732541Z ✔ default preflight is read-only and does not represent a password or owner login as verified (2.118398ms)
2026-10-10T04:31:59.1733497Z ✔ explicit onboarding verifies redirects, sends one supported invitation and activates last with five exact grants (2.776782ms)
2026-10-10T04:31:59.1734601Z ✔ an exact active configuration is read-only idempotent and never sends a second invite (1.466234ms)
2026-10-10T04:31:59.1735025Z ✔ existing unlinked Auth identity must be independently pinned before adoption (1.148044ms)
2026-10-10T04:31:59.1735423Z ✔ ambiguous, banned and anonymous Auth identities fail before changes (0.82155ms)
2026-10-10T04:31:59.1735790Z ✔ Auth inventory is paged before choosing the owner or sending an invite (0.505443ms)
2026-10-10T04:31:59.1736471Z ✔ reserved rows cannot adopt foreign metadata, lifecycle, linkage or expanded capability scope (11.284536ms)
2026-10-10T04:31:59.1736944Z ✔ a formerly active profile cannot be reactivated even with unchanged identity and capabilities (0.950324ms)
2026-10-10T04:31:59.1737409Z ✔ partial setup remains suspended and can safely resume through the atomic activation operation (2.739977ms)
2026-10-10T04:31:59.1737848Z ✔ recovery is explicit, verifies redirects and changes no application permissions (4.229195ms)
2026-10-10T04:31:59.1738558Z ✔ redirect fallback or generation failure retires only its exact synthetic Auth probe and never emails owner (0.61586ms)
2026-10-10T04:31:59.1739396Z ✔ unconfirmed cleanup fails the whole redirect probe and no owner email is sent (0.295315ms)
2026-10-10T04:31:59.1739847Z ✔ all provider error bodies are sanitized, including missing schema and activation RPC (2.157728ms)
2026-10-10T04:31:59.1740272Z ✔ incorrect owner email, action, reviewed UUID or backend is rejected before requests (12.794256ms)
2026-10-10T04:31:59.1740679Z ✔ CLI errors never print supplied credentials or accept command-line values (66.288195ms)
2026-10-10T04:31:59.1740936Z ℹ tests 34
2026-10-10T04:31:59.1741137Z ℹ suites 0
2026-10-10T04:31:59.1741324Z ℹ pass 34
2026-10-10T04:31:59.1741494Z ℹ fail 0
2026-10-10T04:31:59.1741612Z ℹ cancelled 0
2026-10-10T04:31:59.1741734Z ℹ skipped 0
2026-10-10T04:31:59.1741850Z ℹ todo 0
2026-10-10T04:31:59.1741998Z ℹ duration_ms 1364.749458
2026-10-10T04:31:59.1912474Z ##[group]Run npm run os:verify -- runtime-build
2026-10-10T04:31:59.1912685Z [36;1mnpm run os:verify -- runtime-build[0m
2026-10-10T04:31:59.1963285Z shell: /usr/bin/bash -e {0}
2026-10-10T04:31:59.1963424Z ##[endgroup]
2026-10-10T04:31:59.2639176Z 
2026-10-10T04:31:59.2639567Z > auxiliumos@0.0.0 os:verify
2026-10-10T04:31:59.2639899Z > node scripts/os-control.mjs verify runtime-build
2026-10-10T04:31:59.2640036Z 
2026-10-10T04:32:04.9147030Z {
2026-10-10T04:32:04.9147346Z   "status": "passed",
2026-10-10T04:32:04.9147537Z   "profile": "runtime-build",
2026-10-10T04:32:04.9147699Z   "reused": false,
2026-10-10T04:32:04.9147897Z   "evidence": "docs/00-control/evidence/runtime-build.json",
2026-10-10T04:32:04.9148091Z   "level": "build"
2026-10-10T04:32:04.9148204Z }
2026-10-10T04:32:04.9378449Z ##[group]Run npx playwright install --with-deps chromium
2026-10-10T04:32:04.9378699Z [36;1mnpx playwright install --with-deps chromium[0m
2026-10-10T04:32:04.9430159Z shell: /usr/bin/bash -e {0}
2026-10-10T04:32:04.9430308Z ##[endgroup]
2026-10-10T04:32:05.3853692Z Installing dependencies...
2026-10-10T04:32:05.3909470Z Switching to root user to install dependencies...
2026-10-10T04:32:05.4600536Z Get:1 file:/etc/apt/apt-mirrors.txt Mirrorlist [144 B]
2026-10-10T04:32:05.4956407Z Get:6 https://packages.microsoft.com/ubuntu/24.04/prod noble InRelease [3600 B]
2026-10-10T04:32:05.5014790Z Hit:2 http://azure.archive.ubuntu.com/ubuntu noble InRelease
2026-10-10T04:32:05.5075940Z Get:3 http://azure.archive.ubuntu.com/ubuntu noble-updates InRelease [126 kB]
2026-10-10T04:32:05.5103754Z Get:4 http://azure.archive.ubuntu.com/ubuntu noble-backports InRelease [126 kB]
2026-10-10T04:32:05.5139712Z Get:5 http://azure.archive.ubuntu.com/ubuntu noble-security InRelease [126 kB]
2026-10-10T04:32:05.5452820Z Get:7 https://packages.microsoft.com/ubuntu/24.04/prod noble/main arm64 Packages [492 kB]
2026-10-10T04:32:05.5600851Z Get:8 https://packages.microsoft.com/ubuntu/24.04/prod noble/main all Packages [640 B]
2026-10-10T04:32:05.5621920Z Get:9 https://packages.microsoft.com/ubuntu/24.04/prod noble/main armhf Packages [12.3 kB]
2026-10-10T04:32:05.5653352Z Get:10 https://packages.microsoft.com/ubuntu/24.04/prod noble/main amd64 Packages [548 kB]
2026-10-10T04:32:05.6264847Z Get:11 http://azure.archive.ubuntu.com/ubuntu noble-updates/main amd64 Packages [1375 kB]
2026-10-10T04:32:05.6329925Z Get:12 http://azure.archive.ubuntu.com/ubuntu noble-updates/main Translation-en [306 kB]
2026-10-10T04:32:05.6344879Z Get:13 http://azure.archive.ubuntu.com/ubuntu noble-updates/universe amd64 Packages [1702 kB]
2026-10-10T04:32:05.6410726Z Get:14 http://azure.archive.ubuntu.com/ubuntu noble-updates/universe Translation-en [342 kB]
2026-10-10T04:32:05.6453537Z Get:15 http://azure.archive.ubuntu.com/ubuntu noble-updates/restricted amd64 Packages [1761 kB]
2026-10-10T04:32:05.6497113Z Get:16 http://azure.archive.ubuntu.com/ubuntu noble-updates/restricted Translation-en [401 kB]
2026-10-10T04:32:05.6521014Z Get:17 http://azure.archive.ubuntu.com/ubuntu noble-updates/multiverse amd64 Packages [55.0 kB]
2026-10-10T04:32:05.6535724Z Get:18 http://azure.archive.ubuntu.com/ubuntu noble-updates/multiverse Translation-en [14.3 kB]
2026-10-10T04:32:05.7032852Z Get:19 http://azure.archive.ubuntu.com/ubuntu noble-security/main amd64 Packages [1121 kB]
2026-10-10T04:32:05.7083056Z Get:20 http://azure.archive.ubuntu.com/ubuntu noble-security/main Translation-en [228 kB]
2026-10-10T04:32:05.7571954Z Get:21 http://azure.archive.ubuntu.com/ubuntu noble-security/universe amd64 Packages [1220 kB]
2026-10-10T04:32:05.7624450Z Get:22 http://azure.archive.ubuntu.com/ubuntu noble-security/universe Translation-en [245 kB]
2026-10-10T04:32:05.7645467Z Get:23 http://azure.archive.ubuntu.com/ubuntu noble-security/restricted amd64 Packages [1669 kB]
2026-10-10T04:32:05.7713227Z Get:24 http://azure.archive.ubuntu.com/ubuntu noble-security/restricted Translation-en [383 kB]
2026-10-10T04:32:05.7735720Z Get:25 http://azure.archive.ubuntu.com/ubuntu noble-security/multiverse amd64 Packages [49.8 kB]
2026-10-10T04:32:05.7747876Z Get:26 http://azure.archive.ubuntu.com/ubuntu noble-security/multiverse Translation-en [12.4 kB]
2026-10-10T04:32:10.4492355Z Fetched 12.3 MB in 1s (13.0 MB/s)
2026-10-10T04:32:10.9396122Z Reading package lists...
2026-10-10T04:32:10.9582632Z Reading package lists...
2026-10-10T04:32:11.0854736Z Building dependency tree...
2026-10-10T04:32:11.0860212Z Reading state information...
2026-10-10T04:32:11.1883687Z libasound2t64 is already the newest version (1.2.11-1ubuntu0.3).
2026-10-10T04:32:11.1883961Z libasound2t64 set to manually installed.
2026-10-10T04:32:11.1884210Z libatk-bridge2.0-0t64 is already the newest version (2.52.0-1build1).
2026-10-10T04:32:11.1884456Z libatk-bridge2.0-0t64 set to manually installed.
2026-10-10T04:32:11.1885213Z libatk1.0-0t64 is already the newest version (2.52.0-1build1).
2026-10-10T04:32:11.1885428Z libatk1.0-0t64 set to manually installed.
2026-10-10T04:32:11.1885654Z libatspi2.0-0t64 is already the newest version (2.52.0-1build1).
2026-10-10T04:32:11.1885893Z libatspi2.0-0t64 set to manually installed.
2026-10-10T04:32:11.1886205Z libcairo2 is already the newest version (1.18.0-3build1).
2026-10-10T04:32:11.1886411Z libcairo2 set to manually installed.
2026-10-10T04:32:11.1886632Z libcups2t64 is already the newest version (2.4.7-1.2ubuntu7.14).
2026-10-10T04:32:11.1886845Z libcups2t64 set to manually installed.
2026-10-10T04:32:11.1887065Z libdbus-1-3 is already the newest version (1.14.10-4ubuntu4.1).
2026-10-10T04:32:11.1887277Z libdbus-1-3 set to manually installed.
2026-10-10T04:32:11.1887501Z libdrm2 is already the newest version (2.4.125-1ubuntu0.1~24.04.2).
2026-10-10T04:32:11.1887715Z libdrm2 set to manually installed.
2026-10-10T04:32:11.1887934Z libgbm1 is already the newest version (25.2.8-0ubuntu0.24.04.4).
2026-10-10T04:32:11.1888140Z libgbm1 set to manually installed.
2026-10-10T04:32:11.1888360Z libglib2.0-0t64 is already the newest version (2.80.0-6ubuntu3.9).
2026-10-10T04:32:11.1888708Z libglib2.0-0t64 set to manually installed.
2026-10-10T04:32:11.1889132Z libnspr4 is already the newest version (2:4.35-1.1build1).
2026-10-10T04:32:11.1889338Z libnspr4 set to manually installed.
2026-10-10T04:32:11.1889542Z libnss3 is already the newest version (2:3.98-1ubuntu0.2).
2026-10-10T04:32:11.1889739Z libnss3 set to manually installed.
2026-10-10T04:32:11.1889958Z libpango-1.0-0 is already the newest version (1.52.1+ds-1build1).
2026-10-10T04:32:11.1890177Z libpango-1.0-0 set to manually installed.
2026-10-10T04:32:11.1890392Z libx11-6 is already the newest version (2:1.8.7-1build1).
2026-10-10T04:32:11.1890592Z libx11-6 set to manually installed.
2026-10-10T04:32:11.1890788Z libxcb1 is already the newest version (1.15-1ubuntu2).
2026-10-10T04:32:11.1890985Z libxcb1 set to manually installed.
2026-10-10T04:32:11.1891202Z libxcomposite1 is already the newest version (1:0.4.5-1build3).
2026-10-10T04:32:11.1891421Z libxcomposite1 set to manually installed.
2026-10-10T04:32:11.1891647Z libxdamage1 is already the newest version (1:1.1.6-1build1).
2026-10-10T04:32:11.1891854Z libxdamage1 set to manually installed.
2026-10-10T04:32:11.1892072Z libxext6 is already the newest version (2:1.3.4-1build2).
2026-10-10T04:32:11.1892269Z libxext6 set to manually installed.
2026-10-10T04:32:11.1892476Z libxfixes3 is already the newest version (1:6.0.0-2build1).
2026-10-10T04:32:11.1892681Z libxfixes3 set to manually installed.
2026-10-10T04:32:11.1892895Z libxkbcommon0 is already the newest version (1.6.0-1build1).
2026-10-10T04:32:11.1893105Z libxkbcommon0 set to manually installed.
2026-10-10T04:32:11.1893318Z libxrandr2 is already the newest version (2:1.5.2-2build1).
2026-10-10T04:32:11.1893523Z libxrandr2 set to manually installed.
2026-10-10T04:32:11.1893731Z xvfb is already the newest version (2:21.1.12-1ubuntu1.8).
2026-10-10T04:32:11.1894016Z fonts-noto-color-emoji is already the newest version (2.047-0ubuntu0.24.04.1).
2026-10-10T04:32:11.1894314Z libfontconfig1 is already the newest version (2.15.0-1.1ubuntu2).
2026-10-10T04:32:11.1894538Z libfontconfig1 set to manually installed.
2026-10-10T04:32:11.1894757Z fonts-liberation is already the newest version (1:2.1.5-3).
2026-10-10T04:32:11.1894976Z fonts-liberation set to manually installed.
2026-10-10T04:32:11.1895191Z The following additional packages will be installed:
2026-10-10T04:32:11.1895385Z   xfonts-encodings xfonts-utils
2026-10-10T04:32:11.1895536Z Recommended packages:
2026-10-10T04:32:11.1895690Z   fonts-ipafont-mincho fonts-tlwg-loma
2026-10-10T04:32:11.2017594Z The following NEW packages will be installed:
2026-10-10T04:32:11.2017897Z   fonts-freefont-ttf fonts-ipafont-gothic fonts-tlwg-loma-otf fonts-unifont
2026-10-10T04:32:11.2020386Z   fonts-wqy-zenhei xfonts-cyrillic xfonts-encodings xfonts-scalable
2026-10-10T04:32:11.2020834Z   xfonts-utils
2026-10-10T04:32:11.2022734Z The following packages will be upgraded:
2026-10-10T04:32:11.2025225Z   libfreetype6
2026-10-10T04:32:11.2146930Z 1 upgraded, 9 newly installed, 0 to remove and 22 not upgraded.
2026-10-10T04:32:11.2147193Z Need to get 21.5 MB of archives.
2026-10-10T04:32:11.2147421Z After this operation, 79.5 MB of additional disk space will be used.
2026-10-10T04:32:11.2147691Z Get:1 file:/etc/apt/apt-mirrors.txt Mirrorlist [144 B]
2026-10-10T04:32:11.3774193Z Get:2 http://azure.archive.ubuntu.com/ubuntu noble/universe amd64 fonts-ipafont-gothic all 00303-21ubuntu1 [3513 kB]
2026-10-10T04:32:12.5563046Z Get:3 http://azure.archive.ubuntu.com/ubuntu noble/main amd64 fonts-freefont-ttf all 20211204+svn4273-2 [5641 kB]
2026-10-10T04:32:12.9002260Z Get:4 http://azure.archive.ubuntu.com/ubuntu noble/universe amd64 fonts-tlwg-loma-otf all 1:0.7.3-1 [107 kB]
2026-10-10T04:32:13.0384544Z Get:5 http://azure.archive.ubuntu.com/ubuntu noble/universe amd64 fonts-unifont all 1:15.1.01-1build1 [2993 kB]
2026-10-10T04:32:13.2215356Z Get:6 http://azure.archive.ubuntu.com/ubuntu noble/universe amd64 fonts-wqy-zenhei all 0.9.45-8 [7472 kB]
2026-10-10T04:32:13.6541424Z Get:7 http://azure.archive.ubuntu.com/ubuntu noble-updates/main amd64 libfreetype6 amd64 2.13.2+dfsg-1ubuntu0.2 [403 kB]
2026-10-10T04:32:13.7962102Z Get:8 http://azure.archive.ubuntu.com/ubuntu noble/main amd64 xfonts-encodings all 1:1.0.5-0ubuntu2 [578 kB]
2026-10-10T04:32:13.9403499Z Get:9 http://azure.archive.ubuntu.com/ubuntu noble/main amd64 xfonts-utils amd64 1:7.7+6build3 [94.4 kB]
2026-10-10T04:32:14.0773197Z Get:10 http://azure.archive.ubuntu.com/ubuntu noble/universe amd64 xfonts-cyrillic all 1:1.0.5+nmu1 [384 kB]
2026-10-10T04:32:14.2195890Z Get:11 http://azure.archive.ubuntu.com/ubuntu noble/main amd64 xfonts-scalable all 1:1.0.3-1.3 [304 kB]
2026-10-10T04:32:14.3972445Z Fetched 21.5 MB in 3s (7125 kB/s)
2026-10-10T04:32:14.4143303Z Selecting previously unselected package fonts-ipafont-gothic.
2026-10-10T04:32:14.4393740Z (Reading database ... 
2026-10-10T04:32:14.4394872Z (Reading database ... 5%
2026-10-10T04:32:14.4395043Z (Reading database ... 10%
2026-10-10T04:32:14.4395186Z (Reading database ... 15%
2026-10-10T04:32:14.4395338Z (Reading database ... 20%
2026-10-10T04:32:14.4395473Z (Reading database ... 25%
2026-10-10T04:32:14.4395605Z (Reading database ... 30%
2026-10-10T04:32:14.4395737Z (Reading database ... 35%
2026-10-10T04:32:14.4395868Z (Reading database ... 40%
2026-10-10T04:32:14.4396000Z (Reading database ... 45%
2026-10-10T04:32:14.4396134Z (Reading database ... 50%
2026-10-10T04:32:14.4429855Z (Reading database ... 55%
2026-10-10T04:32:14.5623937Z (Reading database ... 60%
2026-10-10T04:32:14.7537675Z (Reading database ... 65%
2026-10-10T04:32:14.9597761Z (Reading database ... 70%
2026-10-10T04:32:15.1610735Z (Reading database ... 75%
2026-10-10T04:32:15.3045259Z (Reading database ... 80%
2026-10-10T04:32:15.5100831Z (Reading database ... 85%
2026-10-10T04:32:15.7024062Z (Reading database ... 90%
2026-10-10T04:32:15.8654613Z (Reading database ... 95%
2026-10-10T04:32:15.8654878Z (Reading database ... 100%
2026-10-10T04:32:15.8655271Z (Reading database ... 203191 files and directories currently installed.)
2026-10-10T04:32:15.8689109Z Preparing to unpack .../0-fonts-ipafont-gothic_00303-21ubuntu1_all.deb ...
2026-10-10T04:32:15.8855219Z Unpacking fonts-ipafont-gothic (00303-21ubuntu1) ...
2026-10-10T04:32:16.0928438Z Selecting previously unselected package fonts-freefont-ttf.
2026-10-10T04:32:16.1024276Z Preparing to unpack .../1-fonts-freefont-ttf_20211204+svn4273-2_all.deb ...
2026-10-10T04:32:16.1030144Z Unpacking fonts-freefont-ttf (20211204+svn4273-2) ...
2026-10-10T04:32:16.1920653Z Selecting previously unselected package fonts-tlwg-loma-otf.
2026-10-10T04:32:16.2016653Z Preparing to unpack .../2-fonts-tlwg-loma-otf_1%3a0.7.3-1_all.deb ...
2026-10-10T04:32:16.2119996Z Unpacking fonts-tlwg-loma-otf (1:0.7.3-1) ...
2026-10-10T04:32:16.2282113Z Selecting previously unselected package fonts-unifont.
2026-10-10T04:32:16.2374801Z Preparing to unpack .../3-fonts-unifont_1%3a15.1.01-1build1_all.deb ...
2026-10-10T04:32:16.2380096Z Unpacking fonts-unifont (1:15.1.01-1build1) ...
2026-10-10T04:32:16.4347321Z Selecting previously unselected package fonts-wqy-zenhei.
2026-10-10T04:32:16.4441895Z Preparing to unpack .../4-fonts-wqy-zenhei_0.9.45-8_all.deb ...
2026-10-10T04:32:16.4519564Z Unpacking fonts-wqy-zenhei (0.9.45-8) ...
2026-10-10T04:32:16.9044041Z Preparing to unpack .../5-libfreetype6_2.13.2+dfsg-1ubuntu0.2_amd64.deb ...
2026-10-10T04:32:16.9066685Z Unpacking libfreetype6:amd64 (2.13.2+dfsg-1ubuntu0.2) over (2.13.2+dfsg-1ubuntu0.1) ...
2026-10-10T04:32:16.9262337Z Selecting previously unselected package xfonts-encodings.
2026-10-10T04:32:16.9356394Z Preparing to unpack .../6-xfonts-encodings_1%3a1.0.5-0ubuntu2_all.deb ...
2026-10-10T04:32:16.9361775Z Unpacking xfonts-encodings (1:1.0.5-0ubuntu2) ...
2026-10-10T04:32:16.9568344Z Selecting previously unselected package xfonts-utils.
2026-10-10T04:32:16.9661294Z Preparing to unpack .../7-xfonts-utils_1%3a7.7+6build3_amd64.deb ...
2026-10-10T04:32:16.9665947Z Unpacking xfonts-utils (1:7.7+6build3) ...
2026-10-10T04:32:16.9935523Z Selecting previously unselected package xfonts-cyrillic.
2026-10-10T04:32:17.0026977Z Preparing to unpack .../8-xfonts-cyrillic_1%3a1.0.5+nmu1_all.deb ...
2026-10-10T04:32:17.0033015Z Unpacking xfonts-cyrillic (1:1.0.5+nmu1) ...
2026-10-10T04:32:17.0275152Z Selecting previously unselected package xfonts-scalable.
2026-10-10T04:32:17.0365920Z Preparing to unpack .../9-xfonts-scalable_1%3a1.0.3-1.3_all.deb ...
2026-10-10T04:32:17.0370920Z Unpacking xfonts-scalable (1:1.0.3-1.3) ...
2026-10-10T04:32:17.0695458Z Setting up fonts-wqy-zenhei (0.9.45-8) ...
2026-10-10T04:32:17.0984370Z Setting up fonts-freefont-ttf (20211204+svn4273-2) ...
2026-10-10T04:32:17.0998519Z Setting up fonts-tlwg-loma-otf (1:0.7.3-1) ...
2026-10-10T04:32:17.1011830Z Setting up libfreetype6:amd64 (2.13.2+dfsg-1ubuntu0.2) ...
2026-10-10T04:32:17.1026606Z Setting up xfonts-encodings (1:1.0.5-0ubuntu2) ...
2026-10-10T04:32:17.1039835Z Setting up fonts-ipafont-gothic (00303-21ubuntu1) ...
2026-10-10T04:32:17.1086743Z update-alternatives: using /usr/share/fonts/opentype/ipafont-gothic/ipag.ttf to provide /usr/share/fonts/truetype/fonts-japanese-gothic.ttf (fonts-japanese-gothic.ttf) in auto mode
2026-10-10T04:32:17.1099269Z Setting up fonts-unifont (1:15.1.01-1build1) ...
2026-10-10T04:32:17.1112631Z Setting up xfonts-utils (1:7.7+6build3) ...
2026-10-10T04:32:17.1142472Z Setting up xfonts-cyrillic (1:1.0.5+nmu1) ...
2026-10-10T04:32:17.1354853Z Setting up xfonts-scalable (1:1.0.3-1.3) ...
2026-10-10T04:32:17.1552606Z Processing triggers for libc-bin (2.39-0ubuntu8.9) ...
2026-10-10T04:32:17.3383628Z Processing triggers for man-db (2.12.0-4build2) ...
2026-10-10T04:32:17.3401548Z Not building database; man-db/auto-update is not 'true'.
2026-10-10T04:32:17.3409999Z Processing triggers for fontconfig (2.15.0-1.1ubuntu2) ...
2026-10-10T04:32:17.8419290Z 
2026-10-10T04:32:17.8419893Z Running kernel seems to be up-to-date.
2026-10-10T04:32:17.8420149Z 
2026-10-10T04:32:17.8420254Z Restarting services...
2026-10-10T04:32:17.8475472Z  systemctl restart php8.3-fpm.service
2026-10-10T04:32:17.9277120Z 
2026-10-10T04:32:17.9278162Z No containers need to be restarted.
2026-10-10T04:32:17.9278411Z 
2026-10-10T04:32:17.9278650Z No user sessions are running outdated binaries.
2026-10-10T04:32:17.9278879Z 
2026-10-10T04:32:17.9279363Z No VM guests are running outdated hypervisor (qemu) binaries on this host.
2026-10-10T04:32:18.5254965Z Downloading Chrome for Testing 149.0.7827.55 (playwright chromium v1228) from https://cdn.playwright.dev/builds/cft/149.0.7827.55/linux64/chrome-linux64.zip
2026-10-10T04:32:19.3971039Z |                                                                                |   0% of 177 MiB
2026-10-10T04:32:19.5887619Z |■■■■■■■■                                                                        |  10% of 177 MiB
2026-10-10T04:32:19.6443903Z |■■■■■■■■■■■■■■■■                                                                |  20% of 177 MiB
2026-10-10T04:32:19.7015877Z |■■■■■■■■■■■■■■■■■■■■■■■■                                                        |  30% of 177 MiB
2026-10-10T04:32:19.7604467Z |■■■■■■■■■■■■■■■■■■■■■■■■■■■■■■■■                                                |  40% of 177 MiB
2026-10-10T04:32:19.7980826Z |■■■■■■■■■■■■■■■■■■■■■■■■■■■■■■■■■■■■■■■■                                        |  50% of 177 MiB
2026-10-10T04:32:19.8469337Z |■■■■■■■■■■■■■■■■■■■■■■■■■■■■■■■■■■■■■■■■■■■■■■■■                                |  60% of 177 MiB
2026-10-10T04:32:19.8751674Z |■■■■■■■■■■■■■■■■■■■■■■■■■■■■■■■■■■■■■■■■■■■■■■■■■■■■■■■■                        |  70% of 177 MiB
2026-10-10T04:32:19.9280978Z |■■■■■■■■■■■■■■■■■■■■■■■■■■■■■■■■■■■■■■■■■■■■■■■■■■■■■■■■■■■■■■■■                |  80% of 177 MiB
2026-10-10T04:32:19.9759727Z |■■■■■■■■■■■■■■■■■■■■■■■■■■■■■■■■■■■■■■■■■■■■■■■■■■■■■■■■■■■■■■■■■■■■■■■■        |  90% of 177 MiB
2026-10-10T04:32:20.0011861Z |■■■■■■■■■■■■■■■■■■■■■■■■■■■■■■■■■■■■■■■■■■■■■■■■■■■■■■■■■■■■■■■■■■■■■■■■■■■■■■■■| 100% of 177 MiB
2026-10-10T04:32:22.0146944Z Chrome for Testing 149.0.7827.55 (playwright chromium v1228) downloaded to /home/runner/.cache/ms-playwright/chromium-1228
2026-10-10T04:32:22.0149249Z Downloading FFmpeg (playwright ffmpeg v1011) from https://cdn.playwright.dev/dbazure/download/playwright/builds/ffmpeg/1011/ffmpeg-linux.zip
2026-10-10T04:32:22.9530225Z |                                                                                |   0% of 2.3 MiB
2026-10-10T04:32:23.0032845Z |■■■■■■■■                                                                        |  10% of 2.3 MiB
2026-10-10T04:32:23.0390162Z |■■■■■■■■■■■■■■■■                                                                |  20% of 2.3 MiB
2026-10-10T04:32:23.0572526Z |■■■■■■■■■■■■■■■■■■■■■■■■                                                        |  30% of 2.3 MiB
2026-10-10T04:32:23.0702441Z |■■■■■■■■■■■■■■■■■■■■■■■■■■■■■■■■                                                |  40% of 2.3 MiB
2026-10-10T04:32:23.0938151Z |■■■■■■■■■■■■■■■■■■■■■■■■■■■■■■■■■■■■■■■■                                        |  50% of 2.3 MiB
2026-10-10T04:32:23.1207416Z |■■■■■■■■■■■■■■■■■■■■■■■■■■■■■■■■■■■■■■■■■■■■■■■■                                |  60% of 2.3 MiB
2026-10-10T04:32:23.1376773Z |■■■■■■■■■■■■■■■■■■■■■■■■■■■■■■■■■■■■■■■■■■■■■■■■■■■■■■■■                        |  70% of 2.3 MiB
2026-10-10T04:32:23.1548878Z |■■■■■■■■■■■■■■■■■■■■■■■■■■■■■■■■■■■■■■■■■■■■■■■■■■■■■■■■■■■■■■■■                |  80% of 2.3 MiB
2026-10-10T04:32:23.1632331Z |■■■■■■■■■■■■■■■■■■■■■■■■■■■■■■■■■■■■■■■■■■■■■■■■■■■■■■■■■■■■■■■■■■■■■■■■        |  90% of 2.3 MiB
2026-10-10T04:32:23.1722786Z |■■■■■■■■■■■■■■■■■■■■■■■■■■■■■■■■■■■■■■■■■■■■■■■■■■■■■■■■■■■■■■■■■■■■■■■■■■■■■■■■| 100% of 2.3 MiB
2026-10-10T04:32:23.2102672Z FFmpeg (playwright ffmpeg v1011) downloaded to /home/runner/.cache/ms-playwright/ffmpeg-1011
2026-10-10T04:32:23.2105173Z Downloading Chrome Headless Shell 149.0.7827.55 (playwright chromium-headless-shell v1228) from https://cdn.playwright.dev/builds/cft/149.0.7827.55/linux64/chrome-headless-shell-linux64.zip
2026-10-10T04:32:24.0748892Z |                                                                                |   0% of 114.2 MiB
2026-10-10T04:32:24.2288636Z |■■■■■■■■                                                                        |  10% of 114.2 MiB
2026-10-10T04:32:24.2749401Z |■■■■■■■■■■■■■■■■                                                                |  20% of 114.2 MiB
2026-10-10T04:32:24.3212936Z |■■■■■■■■■■■■■■■■■■■■■■■■                                                        |  30% of 114.2 MiB
2026-10-10T04:32:24.3637374Z |■■■■■■■■■■■■■■■■■■■■■■■■■■■■■■■■                                                |  40% of 114.2 MiB
2026-10-10T04:32:24.4044726Z |■■■■■■■■■■■■■■■■■■■■■■■■■■■■■■■■■■■■■■■■                                        |  50% of 114.2 MiB
2026-10-10T04:32:24.4626339Z |■■■■■■■■■■■■■■■■■■■■■■■■■■■■■■■■■■■■■■■■■■■■■■■■                                |  60% of 114.2 MiB
2026-10-10T04:32:24.5093868Z |■■■■■■■■■■■■■■■■■■■■■■■■■■■■■■■■■■■■■■■■■■■■■■■■■■■■■■■■                        |  70% of 114.2 MiB
2026-10-10T04:32:24.5475562Z |■■■■■■■■■■■■■■■■■■■■■■■■■■■■■■■■■■■■■■■■■■■■■■■■■■■■■■■■■■■■■■■■                |  80% of 114.2 MiB
2026-10-10T04:32:24.5913085Z |■■■■■■■■■■■■■■■■■■■■■■■■■■■■■■■■■■■■■■■■■■■■■■■■■■■■■■■■■■■■■■■■■■■■■■■■        |  90% of 114.2 MiB
2026-10-10T04:32:24.6259854Z |■■■■■■■■■■■■■■■■■■■■■■■■■■■■■■■■■■■■■■■■■■■■■■■■■■■■■■■■■■■■■■■■■■■■■■■■■■■■■■■■| 100% of 114.2 MiB
2026-10-10T04:32:26.1713331Z Chrome Headless Shell 149.0.7827.55 (playwright chromium-headless-shell v1228) downloaded to /home/runner/.cache/ms-playwright/chromium_headless_shell-1228
2026-10-10T04:32:26.2078335Z ##[group]Run npm run test:e2e
2026-10-10T04:32:26.2078500Z [36;1mnpm run test:e2e[0m
2026-10-10T04:32:26.2130803Z shell: /usr/bin/bash -e {0}
2026-10-10T04:32:26.2130952Z ##[endgroup]
2026-10-10T04:32:26.2805675Z 
2026-10-10T04:32:26.2806078Z > auxiliumos@0.0.0 test:e2e
2026-10-10T04:32:26.2806310Z > playwright test
2026-10-10T04:32:26.2806399Z 
2026-10-10T04:32:26.9106742Z 
2026-10-10T04:32:26.9107421Z Running 3 tests using 1 worker
2026-10-10T04:32:26.9120141Z 
2026-10-10T04:32:27.4449421Z   ✓  1 [chromium] › tests/e2e/static-app-shell.spec.ts:14:7 › AuxiliumOS static app shell › loads the prototype shell with guardrails (103ms)
2026-10-10T04:32:27.5879696Z   ✓  2 [chromium] › tests/e2e/static-app-shell.spec.ts:35:7 › AuxiliumOS static app shell › switches between the three static portal views (133ms)
2026-10-10T04:32:27.7067086Z   ✓  3 [chromium] › tests/e2e/static-app-shell.spec.ts:47:7 › AuxiliumOS static app shell › shows document placeholders without release authority (109ms)
2026-10-10T04:32:27.7387128Z 
2026-10-10T04:32:27.7390913Z   3 passed (1.1s)
2026-10-10T04:32:27.7695243Z ##[group]Run npm run os:verify -- directory-browser-fixture
2026-10-10T04:32:27.7695485Z [36;1mnpm run os:verify -- directory-browser-fixture[0m
2026-10-10T04:32:27.7746591Z shell: /usr/bin/bash -e {0}
2026-10-10T04:32:27.7746735Z ##[endgroup]
2026-10-10T04:32:27.8391745Z 
2026-10-10T04:32:27.8392238Z > auxiliumos@0.0.0 os:verify
2026-10-10T04:32:27.8392607Z > node scripts/os-control.mjs verify directory-browser-fixture
2026-10-10T04:32:27.8392803Z 
2026-10-10T04:32:46.9572975Z {
2026-10-10T04:32:46.9573465Z   "status": "passed",
2026-10-10T04:32:46.9573904Z   "profile": "directory-browser-fixture",
2026-10-10T04:32:46.9574170Z   "reused": false,
2026-10-10T04:32:46.9574494Z   "evidence": "docs/00-control/evidence/directory-browser-fixture.json",
2026-10-10T04:32:46.9574749Z   "level": "browser_fixture"
2026-10-10T04:32:46.9574888Z }
2026-10-10T04:32:46.9773314Z ##[group]Run npm run os:verify -- workspace-context-browser-fixture
2026-10-10T04:32:46.9773581Z [36;1mnpm run os:verify -- workspace-context-browser-fixture[0m
2026-10-10T04:32:46.9825158Z shell: /usr/bin/bash -e {0}
2026-10-10T04:32:46.9825306Z ##[endgroup]
2026-10-10T04:32:47.0493787Z 
2026-10-10T04:32:47.0494242Z > auxiliumos@0.0.0 os:verify
2026-10-10T04:32:47.0494709Z > node scripts/os-control.mjs verify workspace-context-browser-fixture
2026-10-10T04:32:47.0494890Z 
2026-10-10T04:33:01.7129718Z {
2026-10-10T04:33:01.7130027Z   "status": "passed",
2026-10-10T04:33:01.7130552Z   "profile": "workspace-context-browser-fixture",
2026-10-10T04:33:01.7130753Z   "reused": false,
2026-10-10T04:33:01.7130988Z   "evidence": "docs/00-control/evidence/workspace-context-browser-fixture.json",
2026-10-10T04:33:01.7131229Z   "level": "browser_fixture"
2026-10-10T04:33:01.7131362Z }
2026-10-10T04:33:01.7324652Z ##[group]Run npm run os:verify -- intake-browser-fixture
2026-10-10T04:33:01.7324888Z [36;1mnpm run os:verify -- intake-browser-fixture[0m
2026-10-10T04:33:01.7378514Z shell: /usr/bin/bash -e {0}
2026-10-10T04:33:01.7378666Z ##[endgroup]
2026-10-10T04:33:01.8051988Z 
2026-10-10T04:33:01.8052402Z > auxiliumos@0.0.0 os:verify
2026-10-10T04:33:01.8052719Z > node scripts/os-control.mjs verify intake-browser-fixture
2026-10-10T04:33:01.8052880Z 
2026-10-10T04:33:10.5869268Z {
2026-10-10T04:33:10.5869552Z   "status": "passed",
2026-10-10T04:33:10.5869774Z   "profile": "intake-browser-fixture",
2026-10-10T04:33:10.5869948Z   "reused": false,
2026-10-10T04:33:10.5870166Z   "evidence": "docs/00-control/evidence/intake-browser-fixture.json",
2026-10-10T04:33:10.5877507Z   "level": "browser_fixture"
2026-10-10T04:33:10.5877678Z }
2026-10-10T04:33:10.6064084Z ##[group]Run npm run os:verify -- private-file-browser-fixture
2026-10-10T04:33:10.6064346Z [36;1mnpm run os:verify -- private-file-browser-fixture[0m
2026-10-10T04:33:10.6117808Z shell: /usr/bin/bash -e {0}
2026-10-10T04:33:10.6117956Z ##[endgroup]
2026-10-10T04:33:10.6758246Z 
2026-10-10T04:33:10.6758509Z > auxiliumos@0.0.0 os:verify
2026-10-10T04:33:10.6759106Z > node scripts/os-control.mjs verify private-file-browser-fixture
2026-10-10T04:33:10.6759380Z 
2026-10-10T04:33:30.2118759Z {
2026-10-10T04:33:30.2126474Z   "status": "passed",
2026-10-10T04:33:30.2126837Z   "profile": "private-file-browser-fixture",
2026-10-10T04:33:30.2127164Z   "reused": false,
2026-10-10T04:33:30.2127496Z   "evidence": "docs/00-control/evidence/private-file-browser-fixture.json",
2026-10-10T04:33:30.2127766Z   "level": "browser_fixture"
2026-10-10T04:33:30.2127970Z }
2026-10-10T04:33:30.2323380Z ##[group]Run npm run os:verify -- document-versions-browser-fixture
2026-10-10T04:33:30.2323668Z [36;1mnpm run os:verify -- document-versions-browser-fixture[0m
2026-10-10T04:33:30.2377382Z shell: /usr/bin/bash -e {0}
2026-10-10T04:33:30.2377537Z ##[endgroup]
2026-10-10T04:33:30.3087210Z 
2026-10-10T04:33:30.3087487Z > auxiliumos@0.0.0 os:verify
2026-10-10T04:33:30.3087965Z > node scripts/os-control.mjs verify document-versions-browser-fixture
2026-10-10T04:33:30.3088144Z 
2026-10-10T04:33:46.0389306Z {
2026-10-10T04:33:46.0389612Z   "status": "passed",
2026-10-10T04:33:46.0389965Z   "profile": "document-versions-browser-fixture",
2026-10-10T04:33:46.0390271Z   "reused": false,
2026-10-10T04:33:46.0390633Z   "evidence": "docs/00-control/evidence/document-versions-browser-fixture.json",
2026-10-10T04:33:46.0391022Z   "level": "browser_fixture"
2026-10-10T04:33:46.0391230Z }
2026-10-10T04:33:46.0576933Z ##[group]Run npm run os:verify -- document-content-browser-fixture
2026-10-10T04:33:46.0577220Z [36;1mnpm run os:verify -- document-content-browser-fixture[0m
2026-10-10T04:33:46.0629092Z shell: /usr/bin/bash -e {0}
2026-10-10T04:33:46.0629236Z ##[endgroup]
2026-10-10T04:33:46.1259696Z 
2026-10-10T04:33:46.1260052Z > auxiliumos@0.0.0 os:verify
2026-10-10T04:33:46.1260376Z > node scripts/os-control.mjs verify document-content-browser-fixture
2026-10-10T04:33:46.1260549Z 
2026-10-10T04:34:07.6554558Z {
2026-10-10T04:34:07.6554858Z   "status": "passed",
2026-10-10T04:34:07.6555214Z   "profile": "document-content-browser-fixture",
2026-10-10T04:34:07.6555499Z   "reused": false,
2026-10-10T04:34:07.6555848Z   "evidence": "docs/00-control/evidence/document-content-browser-fixture.json",
2026-10-10T04:34:07.6556207Z   "level": "browser_fixture"
2026-10-10T04:34:07.6556404Z }
2026-10-10T04:34:07.6741066Z ##[group]Run npm run os:verify -- document-reviews-browser-fixture
2026-10-10T04:34:07.6741327Z [36;1mnpm run os:verify -- document-reviews-browser-fixture[0m
2026-10-10T04:34:07.6792448Z shell: /usr/bin/bash -e {0}
2026-10-10T04:34:07.6792588Z ##[endgroup]
2026-10-10T04:34:07.7433963Z 
2026-10-10T04:34:07.7434256Z > auxiliumos@0.0.0 os:verify
2026-10-10T04:34:07.7434667Z > node scripts/os-control.mjs verify document-reviews-browser-fixture
2026-10-10T04:34:07.7434833Z 
2026-10-10T04:34:24.5027263Z {
2026-10-10T04:34:24.5027513Z   "status": "passed",
2026-10-10T04:34:24.5027730Z   "profile": "document-reviews-browser-fixture",
2026-10-10T04:34:24.5027917Z   "reused": false,
2026-10-10T04:34:24.5028142Z   "evidence": "docs/00-control/evidence/document-reviews-browser-fixture.json",
2026-10-10T04:34:24.5028367Z   "level": "browser_fixture"
2026-10-10T04:34:24.5028496Z }
2026-10-10T04:34:24.5210243Z ##[group]Run npm run os:verify -- document-releases-browser-fixture
2026-10-10T04:34:24.5210513Z [36;1mnpm run os:verify -- document-releases-browser-fixture[0m
2026-10-10T04:34:24.5259313Z shell: /usr/bin/bash -e {0}
2026-10-10T04:34:24.5259457Z ##[endgroup]
2026-10-10T04:34:24.5880173Z 
2026-10-10T04:34:24.5880453Z > auxiliumos@0.0.0 os:verify
2026-10-10T04:34:24.5880896Z > node scripts/os-control.mjs verify document-releases-browser-fixture
2026-10-10T04:34:24.5889534Z 
2026-10-10T04:34:41.0710331Z {
2026-10-10T04:34:41.0710609Z   "status": "passed",
2026-10-10T04:34:41.0710929Z   "profile": "document-releases-browser-fixture",
2026-10-10T04:34:41.0711211Z   "reused": false,
2026-10-10T04:34:41.0711550Z   "evidence": "docs/00-control/evidence/document-releases-browser-fixture.json",
2026-10-10T04:34:41.0711910Z   "level": "browser_fixture"
2026-10-10T04:34:41.0712110Z }
2026-10-10T04:34:41.1270877Z Post job cleanup.
2026-10-10T04:34:41.2102964Z [command]/usr/bin/tar --posix -cf cache.tzst --exclude cache.tzst -P -C /home/runner/work/auxiliumos/auxiliumos --files-from manifest.txt --use-compress-program zstdmt
2026-10-10T04:34:42.6367190Z Sent 0 of 183173179 (0.0%), 0.0 MBs/sec
2026-10-10T04:34:43.5934823Z Sent 183173179 of 183173179 (100.0%), 89.3 MBs/sec
2026-10-10T04:34:43.8944060Z Cache saved with the key: node-cache-Linux-x64-npm-59089900d354d31ded90680ce6ce8d2a0791b29479749822459822304bfaf3fe
2026-10-10T04:34:43.9457572Z Post job cleanup.
2026-10-10T04:34:43.9997474Z [command]/usr/bin/git version
2026-10-10T04:34:44.0031355Z git version 2.55.0
2026-10-10T04:34:44.0052275Z Temporarily overriding HOME='/home/runner/work/_temp/9930b609-4015-481b-8274-810d1838da78' before making global git config changes
2026-10-10T04:34:44.0053052Z Adding repository directory to the temporary git global config as a safe directory
2026-10-10T04:34:44.0054909Z [command]/usr/bin/git config --global --add safe.directory /home/runner/work/auxiliumos/auxiliumos
2026-10-10T04:34:44.0078638Z Removing SSH command configuration
2026-10-10T04:34:44.0082599Z [command]/usr/bin/git config --local --name-only --get-regexp core\.sshCommand
2026-10-10T04:34:44.0107236Z [command]/usr/bin/git submodule foreach --recursive sh -c "git config --local --name-only --get-regexp 'core\.sshCommand' && git config --local --unset-all 'core.sshCommand' || :"
2026-10-10T04:34:44.0292663Z Removing HTTP extra header
2026-10-10T04:34:44.0297415Z [command]/usr/bin/git config --local --name-only --get-regexp http\.https\:\/\/github\.com\/\.extraheader
2026-10-10T04:34:44.0324930Z [command]/usr/bin/git submodule foreach --recursive sh -c "git config --local --name-only --get-regexp 'http\.https\:\/\/github\.com\/\.extraheader' && git config --local --unset-all 'http.https://github.com/.extraheader' || :"
2026-10-10T04:34:44.0505056Z Removing includeIf entries pointing to credentials config files
2026-10-10T04:34:44.0509835Z [command]/usr/bin/git config --local --name-only --get-regexp ^includeIf\.gitdir:
2026-10-10T04:34:44.0548319Z [command]/usr/bin/git submodule foreach --recursive git config --local --show-origin --name-only --get-regexp remote.origin.url
2026-10-10T04:34:44.0821535Z Cleaning up orphan processes

