["npm","run","test:runtime-ui"]

> auxiliumos@0.0.0 test:runtime-ui
> playwright test --config playwright.runtime.config.ts


Running 7 tests using 1 worker

  ✓  1 tests/e2e/directory.spec.ts:113:5 › fixture browser: keyboard login, account selection, directory and sign-out (1.5s)
  ✓  2 tests/e2e/directory.spec.ts:131:5 › fixture browser: credential-bearing redirects fail without forwarding the login (719ms)
  ✓  3 tests/e2e/directory.spec.ts:144:5 › fixture browser: expired-session sign-out cannot restore access after refresh failure and reload (1.8s)
  ✓  4 tests/e2e/directory.spec.ts:184:5 › fixture browser: recoverable service error, empty access and profile revocation clear rows (892ms)
  ✓  5 tests/e2e/directory.spec.ts:204:5 › fixture browser: late response from a previous account cannot replace the selected account (734ms)
  ✓  6 tests/e2e/directory.spec.ts:221:5 › fixture browser: bounded cursor pages and an expired session (979ms)
  ✓  7 tests/e2e/directory.spec.ts:239:5 › fixture browser: phone navigation, keyboard close, honest module state and layout (1.5s)

  7 passed (10.1s)
npm warn Unknown env config "http-proxy". This will stop working in the next major version of npm.
[WebServer] (node:51) Warning: The 'NO_COLOR' env is ignored due to the 'FORCE_COLOR' env being set.
[WebServer] (Use `node --trace-warnings ...` to show where the warning was created)
[WebServer] npm warn Unknown env config "http-proxy". This will stop working in the next major version of npm.
[WebServer] (node:64) Warning: The 'NO_COLOR' env is ignored due to the 'FORCE_COLOR' env being set.
[WebServer] (Use `node --trace-warnings ...` to show where the warning was created)
(node:98) Warning: The 'NO_COLOR' env is ignored due to the 'FORCE_COLOR' env being set.
(Use `node --trace-warnings ...` to show where the warning was created)
[WebServer] 8:03:22 PM [vite] (client) [console.warn] GoTrueClient@auxiliumos.auth.txofqxictwecgcnvezlb.supabase.co:1 (2.117.3) 2026-10-08T13:03:22.457Z Multiple GoTrueClient instances detected in the same browser context. It is not an error, but this should be avoided as it may produce undefined behavior when used concurrently under the same storage key.
[WebServer] 8:03:23 PM [vite] (client) [console.warn] GoTrueClient@auxiliumos.auth.txofqxictwecgcnvezlb.supabase.co:1 (2.117.3) 2026-10-08T13:03:23.858Z Multiple GoTrueClient instances detected in the same browser context. It is not an error, but this should be avoided as it may produce undefined behavior when used concurrently under the same storage key.
[WebServer] 8:03:24 PM [vite] (client) [console.warn] GoTrueClient@auxiliumos.auth.txofqxictwecgcnvezlb.supabase.co:1 (2.117.3) 2026-10-08T13:03:24.542Z Multiple GoTrueClient instances detected in the same browser context. It is not an error, but this should be avoided as it may produce undefined behavior when used concurrently under the same storage key.
[WebServer] 8:03:25 PM [vite] (client) [console.warn] GoTrueClient@auxiliumos.auth.txofqxictwecgcnvezlb.supabase.co:1 (2.117.3) 2026-10-08T13:03:56.090Z Multiple GoTrueClient instances detected in the same browser context. It is not an error, but this should be avoided as it may produce undefined behavior when used concurrently under the same storage key.
[WebServer] 8:03:25 PM [vite] (client) [console.warn] GoTrueClient@auxiliumos.auth.txofqxictwecgcnvezlb.supabase.co:1 (2.117.3) 2026-10-08T13:03:56.655Z Multiple GoTrueClient instances detected in the same browser context. It is not an error, but this should be avoided as it may produce undefined behavior when used concurrently under the same storage key.
[WebServer] 8:03:26 PM [vite] (client) [console.warn] GoTrueClient@auxiliumos.auth.txofqxictwecgcnvezlb.supabase.co:1 (2.117.3) 2026-10-08T13:03:26.272Z Multiple GoTrueClient instances detected in the same browser context. It is not an error, but this should be avoided as it may produce undefined behavior when used concurrently under the same storage key.
[WebServer] 8:03:27 PM [vite] (client) [console.warn] GoTrueClient@auxiliumos.auth.txofqxictwecgcnvezlb.supabase.co:1 (2.117.3) 2026-10-08T13:03:27.121Z Multiple GoTrueClient instances detected in the same browser context. It is not an error, but this should be avoided as it may produce undefined behavior when used concurrently under the same storage key.
[WebServer] 8:03:27 PM [vite] (client) [console.warn] GoTrueClient@auxiliumos.auth.txofqxictwecgcnvezlb.supabase.co:1 (2.117.3) 2026-10-08T13:03:27.926Z Multiple GoTrueClient instances detected in the same browser context. It is not an error, but this should be avoided as it may produce undefined behavior when used concurrently under the same storage key.
[WebServer] 8:03:28 PM [vite] (client) [console.warn] GoTrueClient@auxiliumos.auth.txofqxictwecgcnvezlb.supabase.co:1 (2.117.3) 2026-10-08T13:03:28.988Z Multiple GoTrueClient instances detected in the same browser context. It is not an error, but this should be avoided as it may produce undefined behavior when used concurrently under the same storage key.
