["npm","run","test:runtime-ui","--","document-versions.spec.ts"]

> auxiliumos@0.0.0 test:runtime-ui
> playwright test --config playwright.runtime.config.ts document-versions.spec.ts


Running 14 tests using 1 worker

  ✓   1 tests/e2e/document-versions.spec.ts:161:5 › fixture document versions: facility-filtered empty pages preserve account cursor and read-only history (857ms)
  ✓   2 tests/e2e/document-versions.spec.ts:180:5 › fixture document versions: loading, missing RPC and redacted detail never fabricate empty success or stale rows (867ms)
  ✓   3 tests/e2e/document-versions.spec.ts:198:5 › fixture document versions: version paging binds numeric cursor and never merges pages (839ms)
  ✓   4 tests/e2e/document-versions.spec.ts:212:5 › fixture document versions: explicit adoption creates one immutable draft then rechecks history and security (1.0s)
  ✓   5 tests/e2e/document-versions.spec.ts:235:5 › fixture document versions: lost receipt retry preserves exact request despite newer history revision (1.0s)
  ✓   6 tests/e2e/document-versions.spec.ts:252:5 › fixture document versions: stale CAS requires fresh history and explicit new confirmation (1.2s)
  ✓   7 tests/e2e/document-versions.spec.ts:268:5 › fixture document versions: malformed receipt stays uncertain even when a later replay conflicts (991ms)
  ✓   8 tests/e2e/document-versions.spec.ts:280:5 › fixture document versions: unavailable source and missing security RPC remove adoption authority (944ms)
  ✓   9 tests/e2e/document-versions.spec.ts:293:5 › fixture document versions: transport finalization cannot substitute for current eligibility and a new check invalidates retry context (1.1s)
  ✓  10 tests/e2e/document-versions.spec.ts:322:5 › fixture document versions: adoption denial clears exact target metadata and invalid Auth clears workspace (986ms)
  ✓  11 tests/e2e/document-versions.spec.ts:337:5 › fixture document versions: transport recheck keeps ambiguous concern outcome and invalidates source (986ms)
  ✓  12 tests/e2e/document-versions.spec.ts:350:5 › fixture document versions: source change aborts a pending adoption and ignores its late receipt (995ms)
  ✓  13 tests/e2e/document-versions.spec.ts:367:5 › fixture document versions: facility switch and current-profile revocation suppress late history (828ms)
  ✓  14 tests/e2e/document-versions.spec.ts:388:5 › fixture document versions: mobile keyboard confirmation has bounded checkbox and no horizontal overflow (1.1s)

  14 passed (15.0s)
npm warn Unknown env config "http-proxy". This will stop working in the next major version of npm.
[WebServer] (node:534) Warning: The 'NO_COLOR' env is ignored due to the 'FORCE_COLOR' env being set.
[WebServer] (Use `node --trace-warnings ...` to show where the warning was created)
[WebServer] npm warn Unknown env config "http-proxy". This will stop working in the next major version of npm.
[WebServer] (node:547) Warning: The 'NO_COLOR' env is ignored due to the 'FORCE_COLOR' env being set.
[WebServer] (Use `node --trace-warnings ...` to show where the warning was created)
(node:581) Warning: The 'NO_COLOR' env is ignored due to the 'FORCE_COLOR' env being set.
(Use `node --trace-warnings ...` to show where the warning was created)
[WebServer] 9:55:46 AM [vite] (client) [console.warn] GoTrueClient@auxiliumos.auth.txofqxictwecgcnvezlb.supabase.co:1 (2.117.3) 2026-10-09T07:55:46.712Z Multiple GoTrueClient instances detected in the same browser context. It is not an error, but this should be avoided as it may produce undefined behavior when used concurrently under the same storage key.
[WebServer] 9:55:47 AM [vite] (client) [console.warn] GoTrueClient@auxiliumos.auth.txofqxictwecgcnvezlb.supabase.co:1 (2.117.3) 2026-10-09T07:55:47.522Z Multiple GoTrueClient instances detected in the same browser context. It is not an error, but this should be avoided as it may produce undefined behavior when used concurrently under the same storage key.
[WebServer] 9:55:48 AM [vite] (client) [console.warn] GoTrueClient@auxiliumos.auth.txofqxictwecgcnvezlb.supabase.co:1 (2.117.3) 2026-10-09T07:55:48.373Z Multiple GoTrueClient instances detected in the same browser context. It is not an error, but this should be avoided as it may produce undefined behavior when used concurrently under the same storage key.
[WebServer] 9:55:49 AM [vite] (client) [console.warn] GoTrueClient@auxiliumos.auth.txofqxictwecgcnvezlb.supabase.co:1 (2.117.3) 2026-10-09T07:55:49.271Z Multiple GoTrueClient instances detected in the same browser context. It is not an error, but this should be avoided as it may produce undefined behavior when used concurrently under the same storage key.
[WebServer] 9:55:50 AM [vite] (client) [console.warn] GoTrueClient@auxiliumos.auth.txofqxictwecgcnvezlb.supabase.co:1 (2.117.3) 2026-10-09T07:55:50.237Z Multiple GoTrueClient instances detected in the same browser context. It is not an error, but this should be avoided as it may produce undefined behavior when used concurrently under the same storage key.
[WebServer] 9:55:51 AM [vite] (client) [console.warn] GoTrueClient@auxiliumos.auth.txofqxictwecgcnvezlb.supabase.co:1 (2.117.3) 2026-10-09T07:55:51.305Z Multiple GoTrueClient instances detected in the same browser context. It is not an error, but this should be avoided as it may produce undefined behavior when used concurrently under the same storage key.
[WebServer] 9:55:52 AM [vite] (client) [console.warn] GoTrueClient@auxiliumos.auth.txofqxictwecgcnvezlb.supabase.co:1 (2.117.3) 2026-10-09T07:55:52.457Z Multiple GoTrueClient instances detected in the same browser context. It is not an error, but this should be avoided as it may produce undefined behavior when used concurrently under the same storage key.
[WebServer] 9:55:53 AM [vite] (client) [console.warn] GoTrueClient@auxiliumos.auth.txofqxictwecgcnvezlb.supabase.co:1 (2.117.3) 2026-10-09T07:55:53.421Z Multiple GoTrueClient instances detected in the same browser context. It is not an error, but this should be avoided as it may produce undefined behavior when used concurrently under the same storage key.
[WebServer] 9:55:54 AM [vite] (client) [console.warn] GoTrueClient@auxiliumos.auth.txofqxictwecgcnvezlb.supabase.co:1 (2.117.3) 2026-10-09T07:55:54.422Z Multiple GoTrueClient instances detected in the same browser context. It is not an error, but this should be avoided as it may produce undefined behavior when used concurrently under the same storage key.
[WebServer] 9:55:55 AM [vite] (client) [console.warn] GoTrueClient@auxiliumos.auth.txofqxictwecgcnvezlb.supabase.co:1 (2.117.3) 2026-10-09T07:55:55.521Z Multiple GoTrueClient instances detected in the same browser context. It is not an error, but this should be avoided as it may produce undefined behavior when used concurrently under the same storage key.
[WebServer] 9:55:56 AM [vite] (client) [console.warn] GoTrueClient@auxiliumos.auth.txofqxictwecgcnvezlb.supabase.co:1 (2.117.3) 2026-10-09T07:55:56.504Z Multiple GoTrueClient instances detected in the same browser context. It is not an error, but this should be avoided as it may produce undefined behavior when used concurrently under the same storage key.
[WebServer] 9:55:57 AM [vite] (client) [console.warn] GoTrueClient@auxiliumos.auth.txofqxictwecgcnvezlb.supabase.co:1 (2.117.3) 2026-10-09T07:55:57.504Z Multiple GoTrueClient instances detected in the same browser context. It is not an error, but this should be avoided as it may produce undefined behavior when used concurrently under the same storage key.
[WebServer] 9:55:58 AM [vite] (client) [console.warn] GoTrueClient@auxiliumos.auth.txofqxictwecgcnvezlb.supabase.co:1 (2.117.3) 2026-10-09T07:55:58.538Z Multiple GoTrueClient instances detected in the same browser context. It is not an error, but this should be avoided as it may produce undefined behavior when used concurrently under the same storage key.
[WebServer] 9:55:59 AM [vite] (client) [console.warn] GoTrueClient@auxiliumos.auth.txofqxictwecgcnvezlb.supabase.co:1 (2.117.3) 2026-10-09T07:55:59.522Z Multiple GoTrueClient instances detected in the same browser context. It is not an error, but this should be avoided as it may produce undefined behavior when used concurrently under the same storage key.
