▶ synthetic exact-version metadata release — PostgreSQL/PGlite simulated Auth, not hosted or concurrent-session proof
  ✔ approved exact revision plus separate controller and explicit recipient produces metadata only with protected provenance (134.267348ms)
  ✔ audience discovery exposes only explicit current eligible recipients to the exact controller (56.954321ms)
  ✔ audience discovery cannot replace content authority and stale recipient options cannot authorize release (60.283708ms)
  ✔ review assignment, technical clearance, administrator, uploader, content, and audience alone confer no release authority (57.410456ms)
  ✔ release denies missing exact internal approval (16.822348ms)
  ✔ release denies changes_requested exact internal approval (36.110345ms)
  ✔ release denies rejected exact internal approval (32.897173ms)
  ✔ identical bytes in another immutable version do not transfer review, controller, or recipient authority (76.748648ms)
  ✔ new draft and internal review preserve current release; replacement hides prior until explicit history grant (122.368013ms)
  ✔ retired reviewer assignment preserves approval; dual routine roles require independently provisioned controller (36.097826ms)
  ✔ audience set validates nonempty bounded unique UUIDs and deliberate attestation (66.836393ms)
  ✔ class internal_note cannot inherit routine synthetic release (29.5422ms)
  ✔ class draft_report cannot inherit routine synthetic release (34.901515ms)
  ✔ class final_report cannot inherit routine synthetic release (28.321616ms)
  ✔ class legal_dispute_sensitive cannot inherit routine synthetic release (30.870517ms)
  ✔ class executive_document cannot inherit routine synthetic release (30.758078ms)
  ✔ class invoice cannot inherit routine synthetic release (28.013162ms)
  ✔ class signed_authorization cannot inherit routine synthetic release (31.173793ms)
  ✔ full intent retries preserve release receipt after unrelated advances and changed intent conflicts (63.537603ms)
  ✔ CAS independently fences logical document, review, release authority, and digest changes (56.680508ms)
  ✔ grant provisioning retries bind whole intent and revoked grants cannot restore current audience (57.936465ms)
  ✔ revoked or replacement controller cannot replay original release receipt (44.376686ms)
  ✔ cross-account and wrong-facility users cannot provision, release or read even with forged claims (41.497549ms)
  ✔ current authorization rechecks controller_identity on release, read, and retry (31.167523ms)
  ✔ current authorization rechecks controller_membership on release, read, and retry (37.763407ms)
  ✔ current authorization rechecks controller_content on release, read, and retry (31.978121ms)
  ✔ current authorization rechecks recipient_identity on release, read, and retry (33.584556ms)
  ✔ current authorization rechecks recipient_membership on release, read, and retry (35.187945ms)
  ✔ current authorization rechecks recipient_facility on release, read, and retry (35.60323ms)
  ✔ current authorization rechecks content_switch on release, read, and retry (30.40034ms)
  ✔ current authorization rechecks reservation_switch on release, read, and retry (33.785498ms)
  ✔ current authorization rechecks restricted on release, read, and retry (42.647197ms)
  ✔ current authorization rechecks phi on release, read, and retry (34.836107ms)
  ✔ preservation hold leaves eligible current and historical metadata visible and never deletes bytes (71.563937ms)
  ✔ human withdrawal narrows current visibility, retains immutable history, and never revives previous release (81.213901ms)
  ✔ human withdrawal remains narrowing after content retirement and visibility restriction (41.947775ms)
  ✔ withdrawal requires explicit active controller; stale and wrong actor cannot remove a release (47.236624ms)
  ✔ trusted narrowing withdrawal and revocation survive all switches, access and safety removal (46.276441ms)
  ✔ withdrawn version or older ordinal cannot be released again and a new version starts without automatic fallback (132.223545ms)
  ✔ withdrawal of superseded history leaves current release intact (82.549708ms)
  ✔ audit failures roll back release head and authoritative history atomically (41.091498ms)
  ✔ immutable release, withdrawal, grants, heads, and audit reject owner-level history edits and deletion (46.412125ms)
  ✔ forged public provenance and stale backend roles do not become human authority (33.706328ms)
  ✔ default-deny tables and exact function ACLs retain service/human separation with no exposed definer (44.817378ms)
✔ synthetic exact-version metadata release — PostgreSQL/PGlite simulated Auth, not hosted or concurrent-session proof (4541.826486ms)
ℹ tests 45
ℹ suites 0
ℹ pass 45
ℹ fail 0
ℹ cancelled 0
ℹ skipped 0
ℹ todo 0
ℹ duration_ms 4694.272313
