["npm","run","test:runtime-ui","--","private-files.spec.ts"]

> auxiliumos@0.0.0 test:runtime-ui
> playwright test --config playwright.runtime.config.ts private-files.spec.ts


Running 20 tests using 1 worker

  ✓   1 tests/e2e/private-files.spec.ts:196:5 › fixture browser: permitted scope, loading and recoverable directory failure gate uploads (748ms)
  ✓   2 tests/e2e/private-files.spec.ts:223:5 › fixture browser: unlisted deep links and empty account/facility pages do not imply access (818ms)
  ✓   3 tests/e2e/private-files.spec.ts:242:5 › fixture browser: confirmation, exact scoped wire contract and pending finalization never imply release (890ms)
  ✓   4 tests/e2e/private-files.spec.ts:273:5 › fixture browser: invalid bytes are rejected before an endpoint request (1.1s)
  ✓   5 tests/e2e/private-files.spec.ts:292:5 › fixture browser: ambiguous reservation keeps immutable file and idempotency key for retry (710ms)
  ✓   6 tests/e2e/private-files.spec.ts:312:5 › fixture browser: conflict is recoverable with current status and exact same bytes (754ms)
  ✓   7 tests/e2e/private-files.spec.ts:333:5 › fixture browser: lost finalization response is not a success until status confirms it (746ms)
  ✓   8 tests/e2e/private-files.spec.ts:351:5 › fixture browser: disabled transport and malformed authority response cannot report a successful upload (739ms)
  ✓   9 tests/e2e/private-files.spec.ts:369:5 › fixture browser: access denial clears file and prior status; expired Auth closes the page (817ms)
  ✓  10 tests/e2e/private-files.spec.ts:391:5 › fixture browser: expired attempt preserves history and requires a new file choice (800ms)
  ✓  11 tests/e2e/private-files.spec.ts:411:5 › fixture browser: scope changes and sign-out discard in-flight UI without claiming cancellation on the server (803ms)
  ✓  12 tests/e2e/private-files.spec.ts:437:5 › fixture browser: directory pagination clears scoped file choices and phone layout stays usable (732ms)
  ✓  13 tests/e2e/private-files.spec.ts:465:5 › fixture security: loading and current dispositions are separate from legacy transport status (1.4s)
  ✓  14 tests/e2e/private-files.spec.ts:502:5 › fixture security: missing RPC and malformed eligibility remain unavailable with no fake pending state (910ms)
  ✓  15 tests/e2e/private-files.spec.ts:521:5 › fixture security: confirmed narrowing report has no text payload and preserves pending scan on phone (949ms)
  ✓  16 tests/e2e/private-files.spec.ts:557:5 › fixture security: conflict hides stale eligibility and requires refreshed revision plus confirmation (957ms)
  ✓  17 tests/e2e/private-files.spec.ts:583:5 › fixture security: ambiguous report does not claim success even when later status is restricted (831ms)
  ✓  18 tests/e2e/private-files.spec.ts:602:5 › fixture security: revoked access clears upload metadata and aborts late transport refresh (790ms)
  ✓  19 tests/e2e/private-files.spec.ts:623:5 › fixture security: late security responses cannot repopulate a changed facility (672ms)
  ✓  20 tests/e2e/private-files.spec.ts:638:5 › fixture security: sign-out during report and invalid Auth discard all security metadata (1.2s)

  20 passed (18.5s)
npm warn Unknown env config "http-proxy". This will stop working in the next major version of npm.
[WebServer] (node:52) Warning: The 'NO_COLOR' env is ignored due to the 'FORCE_COLOR' env being set.
[WebServer] (Use `node --trace-warnings ...` to show where the warning was created)
[WebServer] npm warn Unknown env config "http-proxy". This will stop working in the next major version of npm.
[WebServer] (node:65) Warning: The 'NO_COLOR' env is ignored due to the 'FORCE_COLOR' env being set.
[WebServer] (Use `node --trace-warnings ...` to show where the warning was created)
(node:99) Warning: The 'NO_COLOR' env is ignored due to the 'FORCE_COLOR' env being set.
(Use `node --trace-warnings ...` to show where the warning was created)
[WebServer] 9:55:27 AM [vite] (client) [console.warn] GoTrueClient@auxiliumos.auth.txofqxictwecgcnvezlb.supabase.co:1 (2.117.3) 2026-10-09T07:55:27.223Z Multiple GoTrueClient instances detected in the same browser context. It is not an error, but this should be avoided as it may produce undefined behavior when used concurrently under the same storage key.
[WebServer] 9:55:27 AM [vite] (client) [console.warn] GoTrueClient@auxiliumos.auth.txofqxictwecgcnvezlb.supabase.co:1 (2.117.3) 2026-10-09T07:55:27.973Z Multiple GoTrueClient instances detected in the same browser context. It is not an error, but this should be avoided as it may produce undefined behavior when used concurrently under the same storage key.
[WebServer] 9:55:28 AM [vite] (client) [console.warn] GoTrueClient@auxiliumos.auth.txofqxictwecgcnvezlb.supabase.co:1 (2.117.3) 2026-10-09T07:55:28.789Z Multiple GoTrueClient instances detected in the same browser context. It is not an error, but this should be avoided as it may produce undefined behavior when used concurrently under the same storage key.
[WebServer] 9:55:29 AM [vite] (client) [console.warn] GoTrueClient@auxiliumos.auth.txofqxictwecgcnvezlb.supabase.co:1 (2.117.3) 2026-10-09T07:55:29.711Z Multiple GoTrueClient instances detected in the same browser context. It is not an error, but this should be avoided as it may produce undefined behavior when used concurrently under the same storage key.
[WebServer] 9:55:30 AM [vite] (client) [console.warn] GoTrueClient@auxiliumos.auth.txofqxictwecgcnvezlb.supabase.co:1 (2.117.3) 2026-10-09T07:55:30.789Z Multiple GoTrueClient instances detected in the same browser context. It is not an error, but this should be avoided as it may produce undefined behavior when used concurrently under the same storage key.
[WebServer] 9:55:31 AM [vite] (client) [console.warn] GoTrueClient@auxiliumos.auth.txofqxictwecgcnvezlb.supabase.co:1 (2.117.3) 2026-10-09T07:55:31.471Z Multiple GoTrueClient instances detected in the same browser context. It is not an error, but this should be avoided as it may produce undefined behavior when used concurrently under the same storage key.
[WebServer] 9:55:32 AM [vite] (client) [console.warn] GoTrueClient@auxiliumos.auth.txofqxictwecgcnvezlb.supabase.co:1 (2.117.3) 2026-10-09T07:55:32.254Z Multiple GoTrueClient instances detected in the same browser context. It is not an error, but this should be avoided as it may produce undefined behavior when used concurrently under the same storage key.
[WebServer] 9:55:33 AM [vite] (client) [console.warn] GoTrueClient@auxiliumos.auth.txofqxictwecgcnvezlb.supabase.co:1 (2.117.3) 2026-10-09T07:55:33.022Z Multiple GoTrueClient instances detected in the same browser context. It is not an error, but this should be avoided as it may produce undefined behavior when used concurrently under the same storage key.
[WebServer] 9:55:33 AM [vite] (client) [console.warn] GoTrueClient@auxiliumos.auth.txofqxictwecgcnvezlb.supabase.co:1 (2.117.3) 2026-10-09T07:55:33.772Z Multiple GoTrueClient instances detected in the same browser context. It is not an error, but this should be avoided as it may produce undefined behavior when used concurrently under the same storage key.
[WebServer] 9:55:34 AM [vite] (client) [console.warn] GoTrueClient@auxiliumos.auth.txofqxictwecgcnvezlb.supabase.co:1 (2.117.3) 2026-10-09T07:55:34.598Z Multiple GoTrueClient instances detected in the same browser context. It is not an error, but this should be avoided as it may produce undefined behavior when used concurrently under the same storage key.
[WebServer] 9:55:35 AM [vite] (client) [console.warn] GoTrueClient@auxiliumos.auth.txofqxictwecgcnvezlb.supabase.co:1 (2.117.3) 2026-10-09T07:55:35.405Z Multiple GoTrueClient instances detected in the same browser context. It is not an error, but this should be avoided as it may produce undefined behavior when used concurrently under the same storage key.
[WebServer] 9:55:36 AM [vite] (client) [console.warn] GoTrueClient@auxiliumos.auth.txofqxictwecgcnvezlb.supabase.co:1 (2.117.3) 2026-10-09T07:55:36.257Z Multiple GoTrueClient instances detected in the same browser context. It is not an error, but this should be avoided as it may produce undefined behavior when used concurrently under the same storage key.
[WebServer] 9:55:37 AM [vite] (client) [console.warn] GoTrueClient@auxiliumos.auth.txofqxictwecgcnvezlb.supabase.co:1 (2.117.3) 2026-10-09T07:55:37.056Z Multiple GoTrueClient instances detected in the same browser context. It is not an error, but this should be avoided as it may produce undefined behavior when used concurrently under the same storage key.
[WebServer] 9:55:38 AM [vite] (client) [console.warn] GoTrueClient@auxiliumos.auth.txofqxictwecgcnvezlb.supabase.co:1 (2.117.3) 2026-10-09T07:55:38.490Z Multiple GoTrueClient instances detected in the same browser context. It is not an error, but this should be avoided as it may produce undefined behavior when used concurrently under the same storage key.
[WebServer] 9:55:39 AM [vite] (client) [console.warn] GoTrueClient@auxiliumos.auth.txofqxictwecgcnvezlb.supabase.co:1 (2.117.3) 2026-10-09T07:55:39.355Z Multiple GoTrueClient instances detected in the same browser context. It is not an error, but this should be avoided as it may produce undefined behavior when used concurrently under the same storage key.
[WebServer] 9:55:40 AM [vite] (client) [console.warn] GoTrueClient@auxiliumos.auth.txofqxictwecgcnvezlb.supabase.co:1 (2.117.3) 2026-10-09T07:55:40.322Z Multiple GoTrueClient instances detected in the same browser context. It is not an error, but this should be avoided as it may produce undefined behavior when used concurrently under the same storage key.
[WebServer] 9:55:41 AM [vite] (client) [console.warn] GoTrueClient@auxiliumos.auth.txofqxictwecgcnvezlb.supabase.co:1 (2.117.3) 2026-10-09T07:55:41.272Z Multiple GoTrueClient instances detected in the same browser context. It is not an error, but this should be avoided as it may produce undefined behavior when used concurrently under the same storage key.
[WebServer] 9:55:42 AM [vite] (client) [console.warn] GoTrueClient@auxiliumos.auth.txofqxictwecgcnvezlb.supabase.co:1 (2.117.3) 2026-10-09T07:55:42.104Z Multiple GoTrueClient instances detected in the same browser context. It is not an error, but this should be avoided as it may produce undefined behavior when used concurrently under the same storage key.
[WebServer] 9:55:42 AM [vite] (client) [console.warn] GoTrueClient@auxiliumos.auth.txofqxictwecgcnvezlb.supabase.co:1 (2.117.3) 2026-10-09T07:55:42.921Z Multiple GoTrueClient instances detected in the same browser context. It is not an error, but this should be avoided as it may produce undefined behavior when used concurrently under the same storage key.
[WebServer] 9:55:43 AM [vite] (client) [console.warn] GoTrueClient@auxiliumos.auth.txofqxictwecgcnvezlb.supabase.co:1 (2.117.3) 2026-10-09T07:55:43.605Z Multiple GoTrueClient instances detected in the same browser context. It is not an error, but this should be avoided as it may produce undefined behavior when used concurrently under the same storage key.
[WebServer] 9:55:44 AM [vite] (client) [console.warn] GoTrueClient@auxiliumos.auth.txofqxictwecgcnvezlb.supabase.co:2 (2.117.3) 2026-10-09T07:55:44.036Z Multiple GoTrueClient instances detected in the same browser context. It is not an error, but this should be avoided as it may produce undefined behavior when used concurrently under the same storage key.
