["npm","run","build"]

> auxiliumos@0.0.0 build
> tsc --project web/tsconfig.json --noEmit && vite build --config web/vite.config.ts

vite v8.0.16 building client environment for production...
[2Ktransforming...✓ 1854 modules transformed.
rendering chunks...
computing gzip size...
web/dist/index.html                   0.54 kB │ gzip:   0.32 kB
web/dist/assets/index-BsaS5VYi.css   20.06 kB │ gzip:   4.29 kB
web/dist/assets/index-CtiBEj6c.js   533.16 kB │ gzip: 153.80 kB

✓ built in 430ms
npm warn Unknown env config "http-proxy". This will stop working in the next major version of npm.
[plugin builtin:vite-reporter] 
(!) Some chunks are larger than 500 kB after minification. Consider:
- Using dynamic import() to code-split the application
- Use build.rolldownOptions.output.codeSplitting to improve chunking: https://rolldown.rs/reference/OutputOptions.codeSplitting
- Adjust chunk size limit for this warning via build.chunkSizeWarningLimit.


["node","--test","tests/unit/runtime-configuration.test.mjs"]
✔ Vite rejects a synthetic server secret before emitting a bundle (284.1876ms)
✔ Vite rejects a synthetic legacy service-role JWT before emitting a bundle (340.954304ms)
✔ development startup rejects a different backend before opening a server (296.32565ms)
ℹ tests 3
ℹ suites 0
ℹ pass 3
ℹ fail 0
ℹ cancelled 0
ℹ skipped 0
ℹ todo 0
ℹ duration_ms 1053.178551
