npm warn Unknown env config "http-proxy". This will stop working in the next major version of npm.

> auxiliumos@0.0.0 build:dev
> tsc --project web/tsconfig.json --noEmit && vite build --config web/vite.config.ts --mode development --outDir ../dist

vite v8.0.16 building client environment for development...
[2Ktransforming...✓ 1886 modules transformed.
rendering chunks...
computing gzip size...
dist/index.html                                   0.54 kB │ gzip:   0.32 kB
dist/assets/spatial-Dzvazxt1.css                 36.03 kB │ gzip:   5.94 kB
dist/assets/index-D9qdBpmP.css                   48.61 kB │ gzip:   8.98 kB
dist/assets/spatial-Djf3awPq.js                   1.63 kB │ gzip:   0.83 kB
dist/assets/purify.es-Beab6Ujv-B8BSsnM1.js       28.07 kB │ gzip:  11.08 kB
dist/assets/index.es-D4ja_wdN-BS0aag33.js       151.54 kB │ gzip:  48.92 kB
dist/assets/html2canvas-24W79GqK-CbvNNNVQ.js    199.58 kB │ gzip:  46.79 kB
dist/assets/index-CUJwfeDh.js                   731.84 kB │ gzip: 205.91 kB
dist/assets/spatial-workspace-DpIqfGLP.js     1,116.51 kB │ gzip: 320.24 kB

[plugin builtin:vite-reporter] 
(!) Some chunks are larger than 500 kB after minification. Consider:
- Using dynamic import() to code-split the application
- Use build.rolldownOptions.output.codeSplitting to improve chunking: https://rolldown.rs/reference/OutputOptions.codeSplitting
- Adjust chunk size limit for this warning via build.chunkSizeWarningLimit.
✓ built in 692ms
