["node","--test","tests/database/workspace-plans.test.mjs"]
▶ personal synthetic workspace plans — PostgreSQL/PGlite simulated Auth; no hosted/concurrency claim
  ✔ create, reopen, list and edit preserve original immutable revision and user audit (45.621224ms)
  ✔ exact creation/edit retries are read-only and historical receipt does not overwrite a later revision (22.563126ms)
  ✔ revision CAS and request UUID bind full intent without a conflicting write (37.076992ms)
  ✔ same-facility colleague, triage and legacy administrator cannot see or reuse another author draft (25.501609ms)
  ✔ foreign account/facility and current account with inaccessible facility all deny (36.858365ms)
  ✔ authorized second facility cannot move or replay an existing plan under a different scope (16.15422ms)
  ✔ current identity revocation denies reads, fresh saves and exact retries (22.432479ms)
  ✔ current removed identity revocation denies reads, fresh saves and exact retries (14.980813ms)
  ✔ current Auth unlink revocation denies reads, fresh saves and exact retries (13.710531ms)
  ✔ current membership revocation denies reads, fresh saves and exact retries (13.791682ms)
  ✔ current removed membership revocation denies reads, fresh saves and exact retries (15.748611ms)
  ✔ current account grant revocation denies reads, fresh saves and exact retries (15.824676ms)
  ✔ current facility view grant revocation denies reads, fresh saves and exact retries (13.58423ms)
  ✔ current submit grant with triage retained revocation denies reads, fresh saves and exact retries (17.826748ms)
  ✔ current profile demo scope revocation denies reads, fresh saves and exact retries (13.779083ms)
  ✔ current account demo scope revocation denies reads, fresh saves and exact retries (16.278938ms)
  ✔ current facility demo scope revocation denies reads, fresh saves and exact retries (21.705748ms)
  ✔ current membership demo scope revocation denies reads, fresh saves and exact retries (14.269079ms)
  ✔ current grant demo scope revocation denies reads, fresh saves and exact retries (14.569011ms)
  ✔ anonymous role cannot invoke read/write surface (9.211604ms)
  ✔ service role cannot invoke read/write surface (15.06207ms)
  ✔ spoofed operator session cannot invoke read/write surface (9.904946ms)
  ✔ anonymous Auth user cannot invoke read/write surface (10.078555ms)
  ✔ missing anonymous proof cannot invoke read/write surface (9.953798ms)
  ✔ claim role mismatch cannot invoke read/write surface (12.67146ms)
  ✔ subject mismatch cannot invoke read/write surface (10.441061ms)
  ✔ invalid subject cannot invoke read/write surface (9.206757ms)
  ✔ unlinked Auth subject cannot invoke read/write surface (9.16252ms)
  ✔ Facility coordinator field persists and replaced field key is rejected (16.102543ms)
  ✔ fixed catalogue exactly matches forty editable current panels and all accept representative typed drafts (366.363157ms)
  ✔ reject unknown module without any draft or audit write (4.609873ms)
  ✔ reject unknown panel without any draft or audit write (3.834408ms)
  ✔ reject Moldo panel without any draft or audit write (3.291003ms)
  ✔ reject title empty without any draft or audit write (4.020678ms)
  ✔ reject title whitespace without any draft or audit write (3.707858ms)
  ✔ reject title bound without any draft or audit write (3.778465ms)
  ✔ reject unknown authority field without any draft or audit write (4.132436ms)
  ✔ reject nested authority object without any draft or audit write (3.711254ms)
  ✔ reject nonstring known value without any draft or audit write (4.246738ms)
  ✔ reject null values without any draft or audit write (8.579104ms)
  ✔ reject array values without any draft or audit write (3.033856ms)
  ✔ reject text field bound without any draft or audit write (3.144062ms)
  ✔ reject multiline field bound without any draft or audit write (3.452995ms)
  ✔ reject unknown row field without any draft or audit write (3.696041ms)
  ✔ reject local row ID wrapper without any draft or audit write (3.844033ms)
  ✔ reject rows shape without any draft or audit write (4.315532ms)
  ✔ reject rows count without any draft or audit write (3.660388ms)
  ✔ reject unknown check without any draft or audit write (3.864173ms)
  ✔ reject check type without any draft or audit write (3.432755ms)
  ✔ reject URL without any draft or audit write (3.225875ms)
  ✔ reject file URL without any draft or audit write (3.58196ms)
  ✔ reject data URL without any draft or audit write (3.286236ms)
  ✔ reject secret marker without any draft or audit write (2.987707ms)
  ✔ reject token marker without any draft or audit write (3.615289ms)
  ✔ reject private key marker without any draft or audit write (3.507768ms)
  ✔ reject date syntax without any draft or audit write (3.405784ms)
  ✔ reject invalid date without any draft or audit write (3.163231ms)
  ✔ reject money precision without any draft or audit write (3.312425ms)
  ✔ reject money exponent without any draft or audit write (3.421628ms)
  ✔ reject money overflow without any draft or audit write (3.510922ms)
  ✔ reject invalid select without any draft or audit write (13.234667ms)
  ✔ reject rows for nonrepeat panel without any draft or audit write (3.074257ms)
  ✔ reject negative expected revision without any draft or audit write (2.894307ms)
  ✔ reject null request without any draft or audit write (2.895629ms)
  ✔ reject null plan without any draft or audit write (2.722679ms)
  ✔ reject aggregate payload over64KiB even when individual fields and rows are valid (3.182289ms)
  ✔ unknown get and unavailable expected nonzero creation have indistinguishable denial (5.055372ms)
  ✔ immutable revisions and head identity deny privileged edits, deletes, truncation and direct operator insert (14.470642ms)
  ✔ RPC privileges, default-deny RLS and immutable audit survive broad inherited defaults (18.639373ms)
✔ personal synthetic workspace plans — PostgreSQL/PGlite simulated Auth; no hosted/concurrency claim (3043.476855ms)
ℹ tests 70
ℹ suites 0
ℹ pass 70
ℹ fail 0
ℹ cancelled 0
ℹ skipped 0
ℹ todo 0
ℹ duration_ms 3377.446008
